PH ansiescape NULL /home/chris/school/Winter_24_25/ee119b/hw3/synth/AnsiEscape.vhd sub00/vhpl06 1740367495
AR cordic sim /home/chris/school/Winter_24_25/ee119b/hw3/synth/Cordic.vhd sub00/vhpl11 1740367500
EN cordicstage NULL /home/chris/school/Winter_24_25/ee119b/hw3/synth/CordicStage.vhd sub00/vhpl08 1740367497
AR addsub concurrent /home/chris/school/Winter_24_25/ee119b/hw3/synth/AddSub.vhd sub00/vhpl05 1740367494
AR addersubtracter concurrent /home/chris/school/Winter_24_25/ee119b/hw3/synth/AdderSubtracter.vhd sub00/vhpl01 1740367490
AR cordicstage concurrent /home/chris/school/Winter_24_25/ee119b/hw3/synth/CordicStage.vhd sub00/vhpl09 1740367498
PH cordicconstants NULL /home/chris/school/Winter_24_25/ee119b/hw3/synth/CordicStage.vhd sub00/vhpl07 1740367496
PB fixedlib fixedlib /home/chris/school/Winter_24_25/ee119b/hw3/synth/FixedLib.vhd sub00/vhpl03 1740367492
EN cordic NULL /home/chris/school/Winter_24_25/ee119b/hw3/synth/Cordic.vhd sub00/vhpl10 1740367499
PH fixedlib NULL /home/chris/school/Winter_24_25/ee119b/hw3/synth/FixedLib.vhd sub00/vhpl02 1740367491
EN addsub NULL /home/chris/school/Winter_24_25/ee119b/hw3/synth/AddSub.vhd sub00/vhpl04 1740367493
EN addersubtracter NULL /home/chris/school/Winter_24_25/ee119b/hw3/synth/AdderSubtracter.vhd sub00/vhpl00 1740367489
