PH ansiescape NULL /home/chris/school/Winter_24_25/ee119b/hw3/synth_pipelined/AnsiEscape.vhd sub00/vhpl06 1740536002
EN cordicstage NULL /home/chris/school/Winter_24_25/ee119b/hw3/synth_pipelined/CordicStage.vhd sub00/vhpl08 1740536004
AR addsub concurrent /home/chris/school/Winter_24_25/ee119b/hw3/synth_pipelined/AddSub.vhd sub00/vhpl05 1740536001
AR addersubtracter concurrent /home/chris/school/Winter_24_25/ee119b/hw3/synth_pipelined/AdderSubtracter.vhd sub00/vhpl01 1740535997
AR cordicstage concurrent /home/chris/school/Winter_24_25/ee119b/hw3/synth_pipelined/CordicStage.vhd sub00/vhpl09 1740536005
PH cordicconstants NULL /home/chris/school/Winter_24_25/ee119b/hw3/synth_pipelined/CordicStage.vhd sub00/vhpl07 1740536003
PB fixedlib fixedlib /home/chris/school/Winter_24_25/ee119b/hw3/synth_pipelined/FixedLib.vhd sub00/vhpl03 1740535999
EN cordic NULL /home/chris/school/Winter_24_25/ee119b/hw3/synth_pipelined/Cordic.vhd sub00/vhpl10 1740536006
PH fixedlib NULL /home/chris/school/Winter_24_25/ee119b/hw3/synth_pipelined/FixedLib.vhd sub00/vhpl02 1740535998
EN addsub NULL /home/chris/school/Winter_24_25/ee119b/hw3/synth_pipelined/AddSub.vhd sub00/vhpl04 1740536000
AR cordic synth /home/chris/school/Winter_24_25/ee119b/hw3/synth_pipelined/Cordic.vhd sub00/vhpl11 1740536007
EN addersubtracter NULL /home/chris/school/Winter_24_25/ee119b/hw3/synth_pipelined/AdderSubtracter.vhd sub00/vhpl00 1740535996
