Release 14.7 - xst P.20131013 (lin64)
Copyright (c) 1995-2013 Xilinx, Inc.  All rights reserved.
--> 
Parameter TMPDIR set to xst/projnav.tmp


Total REAL time to Xst completion: 0.00 secs
Total CPU time to Xst completion: 0.06 secs
 
--> 
Parameter xsthdpdir set to xst


Total REAL time to Xst completion: 0.00 secs
Total CPU time to Xst completion: 0.06 secs
 
--> 
Reading design: Cordic.prj

TABLE OF CONTENTS
  1) Synthesis Options Summary
  2) HDL Compilation
  3) Design Hierarchy Analysis
  4) HDL Analysis
  5) HDL Synthesis
     5.1) HDL Synthesis Report
  6) Advanced HDL Synthesis
     6.1) Advanced HDL Synthesis Report
  7) Low Level Synthesis
  8) Partition Report
  9) Final Report
	9.1) Device utilization summary
	9.2) Partition Resource Summary
	9.3) TIMING REPORT


=========================================================================
*                      Synthesis Options Summary                        *
=========================================================================
---- Source Parameters
Input File Name                    : "Cordic.prj"
Input Format                       : mixed
Ignore Synthesis Constraint File   : NO

---- Target Parameters
Output File Name                   : "Cordic"
Output Format                      : NGC
Target Device                      : xc3s1200e-4-fg320

---- Source Options
Top Module Name                    : Cordic
Automatic FSM Extraction           : YES
FSM Encoding Algorithm             : Auto
Safe Implementation                : No
FSM Style                          : LUT
RAM Extraction                     : Yes
RAM Style                          : Auto
ROM Extraction                     : Yes
Mux Style                          : Auto
Decoder Extraction                 : YES
Priority Encoder Extraction        : Yes
Shift Register Extraction          : YES
Logical Shifter Extraction         : YES
XOR Collapsing                     : YES
ROM Style                          : Auto
Mux Extraction                     : Yes
Resource Sharing                   : YES
Asynchronous To Synchronous        : NO
Multiplier Style                   : Auto
Automatic Register Balancing       : No

---- Target Options
Add IO Buffers                     : YES
Global Maximum Fanout              : 500
Add Generic Clock Buffer(BUFG)     : 24
Register Duplication               : YES
Slice Packing                      : YES
Optimize Instantiated Primitives   : NO
Use Clock Enable                   : Yes
Use Synchronous Set                : Yes
Use Synchronous Reset              : Yes
Pack IO Registers into IOBs        : Auto
Equivalent register Removal        : YES

---- General Options
Optimization Goal                  : Speed
Optimization Effort                : 1
Keep Hierarchy                     : No
Netlist Hierarchy                  : As_Optimized
RTL Output                         : Yes
Global Optimization                : AllClockNets
Read Cores                         : YES
Write Timing Constraints           : NO
Cross Clock Analysis               : NO
Hierarchy Separator                : /
Bus Delimiter                      : <>
Case Specifier                     : Maintain
Slice Utilization Ratio            : 100
BRAM Utilization Ratio             : 100
Verilog 2001                       : YES
Auto BRAM Packing                  : NO
Slice Utilization Ratio Delta      : 5

=========================================================================


=========================================================================
*                          HDL Compilation                              *
=========================================================================
Compiling vhdl file "/home/chris/school/Winter_24_25/ee119b/hw3/synth_pipeline_three/AdderSubtracter.vhd" in Library work.
Architecture concurrent of Entity addersubtracter is up to date.
Compiling vhdl file "/home/chris/school/Winter_24_25/ee119b/hw3/synth_pipeline_three/FixedLib.vhd" in Library work.
Architecture fixedlib of Entity fixedlib is up to date.
Compiling vhdl file "/home/chris/school/Winter_24_25/ee119b/hw3/synth_pipeline_three/AddSub.vhd" in Library work.
Architecture concurrent of Entity addsub is up to date.
Compiling vhdl file "/home/chris/school/Winter_24_25/ee119b/hw3/synth_pipeline_three/AnsiEscape.vhd" in Library work.
Compiling vhdl file "/home/chris/school/Winter_24_25/ee119b/hw3/synth_pipeline_three/CordicStage.vhd" in Library work.
Architecture concurrent of Entity cordicstage is up to date.
Compiling vhdl file "/home/chris/school/Winter_24_25/ee119b/hw3/synth_pipeline_three/Cordic.vhd" in Library work.
Entity <Cordic> compiled.
Entity <Cordic> (Architecture <sim>) compiled.

=========================================================================
*                     Design Hierarchy Analysis                         *
=========================================================================
Analyzing hierarchy for entity <Cordic> in library <work> (architecture <sim>).

Analyzing hierarchy for entity <CordicStage> in library <work> (architecture <concurrent>) with generics.
	i = 0
	wordsize = 22

Analyzing hierarchy for entity <CordicStage> in library <work> (architecture <concurrent>) with generics.
	i = 1
	wordsize = 22

Analyzing hierarchy for entity <CordicStage> in library <work> (architecture <concurrent>) with generics.
	i = 2
	wordsize = 22

Analyzing hierarchy for entity <CordicStage> in library <work> (architecture <concurrent>) with generics.
	i = 3
	wordsize = 22

Analyzing hierarchy for entity <CordicStage> in library <work> (architecture <concurrent>) with generics.
	i = 4
	wordsize = 22

Analyzing hierarchy for entity <CordicStage> in library <work> (architecture <concurrent>) with generics.
	i = 5
	wordsize = 22

Analyzing hierarchy for entity <CordicStage> in library <work> (architecture <concurrent>) with generics.
	i = 6
	wordsize = 22

Analyzing hierarchy for entity <CordicStage> in library <work> (architecture <concurrent>) with generics.
	i = 7
	wordsize = 22

Analyzing hierarchy for entity <CordicStage> in library <work> (architecture <concurrent>) with generics.
	i = 8
	wordsize = 22

Analyzing hierarchy for entity <CordicStage> in library <work> (architecture <concurrent>) with generics.
	i = 9
	wordsize = 22

Analyzing hierarchy for entity <CordicStage> in library <work> (architecture <concurrent>) with generics.
	i = 10
	wordsize = 22

Analyzing hierarchy for entity <CordicStage> in library <work> (architecture <concurrent>) with generics.
	i = 11
	wordsize = 22

Analyzing hierarchy for entity <CordicStage> in library <work> (architecture <concurrent>) with generics.
	i = 12
	wordsize = 22

Analyzing hierarchy for entity <CordicStage> in library <work> (architecture <concurrent>) with generics.
	i = 13
	wordsize = 22

Analyzing hierarchy for entity <CordicStage> in library <work> (architecture <concurrent>) with generics.
	i = 14
	wordsize = 22

Analyzing hierarchy for entity <CordicStage> in library <work> (architecture <concurrent>) with generics.
	i = 15
	wordsize = 22

Analyzing hierarchy for entity <AddSub> in library <work> (architecture <concurrent>) with generics.
	wordsize = 22

Analyzing hierarchy for entity <AdderSubtracter> in library <work> (architecture <concurrent>).


=========================================================================
*                            HDL Analysis                               *
=========================================================================
Analyzing Entity <Cordic> in library <work> (Architecture <sim>).
Entity <Cordic> analyzed. Unit <Cordic> generated.

Analyzing generic Entity <CordicStage.1> in library <work> (Architecture <concurrent>).
	i = 0
	wordsize = 22
WARNING:Xst:753 - "/home/chris/school/Winter_24_25/ee119b/hw3/synth_pipeline_three/CordicStage.vhd" line 256: Unconnected output port 'Cout' of component 'AddSub'.
WARNING:Xst:753 - "/home/chris/school/Winter_24_25/ee119b/hw3/synth_pipeline_three/CordicStage.vhd" line 269: Unconnected output port 'Cout' of component 'AddSub'.
WARNING:Xst:753 - "/home/chris/school/Winter_24_25/ee119b/hw3/synth_pipeline_three/CordicStage.vhd" line 280: Unconnected output port 'Cout' of component 'AddSub'.
Entity <CordicStage.1> analyzed. Unit <CordicStage.1> generated.

Analyzing generic Entity <AddSub> in library <work> (Architecture <concurrent>).
	wordsize = 22
Entity <AddSub> analyzed. Unit <AddSub> generated.

Analyzing Entity <AdderSubtracter> in library <work> (Architecture <concurrent>).
Entity <AdderSubtracter> analyzed. Unit <AdderSubtracter> generated.

Analyzing generic Entity <CordicStage.2> in library <work> (Architecture <concurrent>).
	i = 1
	wordsize = 22
WARNING:Xst:753 - "/home/chris/school/Winter_24_25/ee119b/hw3/synth_pipeline_three/CordicStage.vhd" line 256: Unconnected output port 'Cout' of component 'AddSub'.
WARNING:Xst:753 - "/home/chris/school/Winter_24_25/ee119b/hw3/synth_pipeline_three/CordicStage.vhd" line 269: Unconnected output port 'Cout' of component 'AddSub'.
WARNING:Xst:753 - "/home/chris/school/Winter_24_25/ee119b/hw3/synth_pipeline_three/CordicStage.vhd" line 280: Unconnected output port 'Cout' of component 'AddSub'.
Entity <CordicStage.2> analyzed. Unit <CordicStage.2> generated.

Analyzing generic Entity <CordicStage.3> in library <work> (Architecture <concurrent>).
	i = 2
	wordsize = 22
WARNING:Xst:753 - "/home/chris/school/Winter_24_25/ee119b/hw3/synth_pipeline_three/CordicStage.vhd" line 256: Unconnected output port 'Cout' of component 'AddSub'.
WARNING:Xst:753 - "/home/chris/school/Winter_24_25/ee119b/hw3/synth_pipeline_three/CordicStage.vhd" line 269: Unconnected output port 'Cout' of component 'AddSub'.
WARNING:Xst:753 - "/home/chris/school/Winter_24_25/ee119b/hw3/synth_pipeline_three/CordicStage.vhd" line 280: Unconnected output port 'Cout' of component 'AddSub'.
Entity <CordicStage.3> analyzed. Unit <CordicStage.3> generated.

Analyzing generic Entity <CordicStage.4> in library <work> (Architecture <concurrent>).
	i = 3
	wordsize = 22
WARNING:Xst:753 - "/home/chris/school/Winter_24_25/ee119b/hw3/synth_pipeline_three/CordicStage.vhd" line 256: Unconnected output port 'Cout' of component 'AddSub'.
WARNING:Xst:753 - "/home/chris/school/Winter_24_25/ee119b/hw3/synth_pipeline_three/CordicStage.vhd" line 269: Unconnected output port 'Cout' of component 'AddSub'.
WARNING:Xst:753 - "/home/chris/school/Winter_24_25/ee119b/hw3/synth_pipeline_three/CordicStage.vhd" line 280: Unconnected output port 'Cout' of component 'AddSub'.
Entity <CordicStage.4> analyzed. Unit <CordicStage.4> generated.

Analyzing generic Entity <CordicStage.5> in library <work> (Architecture <concurrent>).
	i = 4
	wordsize = 22
WARNING:Xst:753 - "/home/chris/school/Winter_24_25/ee119b/hw3/synth_pipeline_three/CordicStage.vhd" line 256: Unconnected output port 'Cout' of component 'AddSub'.
WARNING:Xst:753 - "/home/chris/school/Winter_24_25/ee119b/hw3/synth_pipeline_three/CordicStage.vhd" line 269: Unconnected output port 'Cout' of component 'AddSub'.
WARNING:Xst:753 - "/home/chris/school/Winter_24_25/ee119b/hw3/synth_pipeline_three/CordicStage.vhd" line 280: Unconnected output port 'Cout' of component 'AddSub'.
Entity <CordicStage.5> analyzed. Unit <CordicStage.5> generated.

Analyzing generic Entity <CordicStage.6> in library <work> (Architecture <concurrent>).
	i = 5
	wordsize = 22
WARNING:Xst:753 - "/home/chris/school/Winter_24_25/ee119b/hw3/synth_pipeline_three/CordicStage.vhd" line 256: Unconnected output port 'Cout' of component 'AddSub'.
WARNING:Xst:753 - "/home/chris/school/Winter_24_25/ee119b/hw3/synth_pipeline_three/CordicStage.vhd" line 269: Unconnected output port 'Cout' of component 'AddSub'.
WARNING:Xst:753 - "/home/chris/school/Winter_24_25/ee119b/hw3/synth_pipeline_three/CordicStage.vhd" line 280: Unconnected output port 'Cout' of component 'AddSub'.
Entity <CordicStage.6> analyzed. Unit <CordicStage.6> generated.

Analyzing generic Entity <CordicStage.7> in library <work> (Architecture <concurrent>).
	i = 6
	wordsize = 22
WARNING:Xst:753 - "/home/chris/school/Winter_24_25/ee119b/hw3/synth_pipeline_three/CordicStage.vhd" line 256: Unconnected output port 'Cout' of component 'AddSub'.
WARNING:Xst:753 - "/home/chris/school/Winter_24_25/ee119b/hw3/synth_pipeline_three/CordicStage.vhd" line 269: Unconnected output port 'Cout' of component 'AddSub'.
WARNING:Xst:753 - "/home/chris/school/Winter_24_25/ee119b/hw3/synth_pipeline_three/CordicStage.vhd" line 280: Unconnected output port 'Cout' of component 'AddSub'.
Entity <CordicStage.7> analyzed. Unit <CordicStage.7> generated.

Analyzing generic Entity <CordicStage.8> in library <work> (Architecture <concurrent>).
	i = 7
	wordsize = 22
WARNING:Xst:753 - "/home/chris/school/Winter_24_25/ee119b/hw3/synth_pipeline_three/CordicStage.vhd" line 256: Unconnected output port 'Cout' of component 'AddSub'.
WARNING:Xst:753 - "/home/chris/school/Winter_24_25/ee119b/hw3/synth_pipeline_three/CordicStage.vhd" line 269: Unconnected output port 'Cout' of component 'AddSub'.
WARNING:Xst:753 - "/home/chris/school/Winter_24_25/ee119b/hw3/synth_pipeline_three/CordicStage.vhd" line 280: Unconnected output port 'Cout' of component 'AddSub'.
Entity <CordicStage.8> analyzed. Unit <CordicStage.8> generated.

Analyzing generic Entity <CordicStage.9> in library <work> (Architecture <concurrent>).
	i = 8
	wordsize = 22
WARNING:Xst:753 - "/home/chris/school/Winter_24_25/ee119b/hw3/synth_pipeline_three/CordicStage.vhd" line 256: Unconnected output port 'Cout' of component 'AddSub'.
WARNING:Xst:753 - "/home/chris/school/Winter_24_25/ee119b/hw3/synth_pipeline_three/CordicStage.vhd" line 269: Unconnected output port 'Cout' of component 'AddSub'.
WARNING:Xst:753 - "/home/chris/school/Winter_24_25/ee119b/hw3/synth_pipeline_three/CordicStage.vhd" line 280: Unconnected output port 'Cout' of component 'AddSub'.
Entity <CordicStage.9> analyzed. Unit <CordicStage.9> generated.

Analyzing generic Entity <CordicStage.10> in library <work> (Architecture <concurrent>).
	i = 9
	wordsize = 22
WARNING:Xst:753 - "/home/chris/school/Winter_24_25/ee119b/hw3/synth_pipeline_three/CordicStage.vhd" line 256: Unconnected output port 'Cout' of component 'AddSub'.
WARNING:Xst:753 - "/home/chris/school/Winter_24_25/ee119b/hw3/synth_pipeline_three/CordicStage.vhd" line 269: Unconnected output port 'Cout' of component 'AddSub'.
WARNING:Xst:753 - "/home/chris/school/Winter_24_25/ee119b/hw3/synth_pipeline_three/CordicStage.vhd" line 280: Unconnected output port 'Cout' of component 'AddSub'.
Entity <CordicStage.10> analyzed. Unit <CordicStage.10> generated.

Analyzing generic Entity <CordicStage.11> in library <work> (Architecture <concurrent>).
	i = 10
	wordsize = 22
WARNING:Xst:753 - "/home/chris/school/Winter_24_25/ee119b/hw3/synth_pipeline_three/CordicStage.vhd" line 256: Unconnected output port 'Cout' of component 'AddSub'.
WARNING:Xst:753 - "/home/chris/school/Winter_24_25/ee119b/hw3/synth_pipeline_three/CordicStage.vhd" line 269: Unconnected output port 'Cout' of component 'AddSub'.
WARNING:Xst:753 - "/home/chris/school/Winter_24_25/ee119b/hw3/synth_pipeline_three/CordicStage.vhd" line 280: Unconnected output port 'Cout' of component 'AddSub'.
Entity <CordicStage.11> analyzed. Unit <CordicStage.11> generated.

Analyzing generic Entity <CordicStage.12> in library <work> (Architecture <concurrent>).
	i = 11
	wordsize = 22
WARNING:Xst:753 - "/home/chris/school/Winter_24_25/ee119b/hw3/synth_pipeline_three/CordicStage.vhd" line 256: Unconnected output port 'Cout' of component 'AddSub'.
WARNING:Xst:753 - "/home/chris/school/Winter_24_25/ee119b/hw3/synth_pipeline_three/CordicStage.vhd" line 269: Unconnected output port 'Cout' of component 'AddSub'.
WARNING:Xst:753 - "/home/chris/school/Winter_24_25/ee119b/hw3/synth_pipeline_three/CordicStage.vhd" line 280: Unconnected output port 'Cout' of component 'AddSub'.
Entity <CordicStage.12> analyzed. Unit <CordicStage.12> generated.

Analyzing generic Entity <CordicStage.13> in library <work> (Architecture <concurrent>).
	i = 12
	wordsize = 22
WARNING:Xst:753 - "/home/chris/school/Winter_24_25/ee119b/hw3/synth_pipeline_three/CordicStage.vhd" line 256: Unconnected output port 'Cout' of component 'AddSub'.
WARNING:Xst:753 - "/home/chris/school/Winter_24_25/ee119b/hw3/synth_pipeline_three/CordicStage.vhd" line 269: Unconnected output port 'Cout' of component 'AddSub'.
WARNING:Xst:753 - "/home/chris/school/Winter_24_25/ee119b/hw3/synth_pipeline_three/CordicStage.vhd" line 280: Unconnected output port 'Cout' of component 'AddSub'.
Entity <CordicStage.13> analyzed. Unit <CordicStage.13> generated.

Analyzing generic Entity <CordicStage.14> in library <work> (Architecture <concurrent>).
	i = 13
	wordsize = 22
WARNING:Xst:753 - "/home/chris/school/Winter_24_25/ee119b/hw3/synth_pipeline_three/CordicStage.vhd" line 256: Unconnected output port 'Cout' of component 'AddSub'.
WARNING:Xst:753 - "/home/chris/school/Winter_24_25/ee119b/hw3/synth_pipeline_three/CordicStage.vhd" line 269: Unconnected output port 'Cout' of component 'AddSub'.
WARNING:Xst:753 - "/home/chris/school/Winter_24_25/ee119b/hw3/synth_pipeline_three/CordicStage.vhd" line 280: Unconnected output port 'Cout' of component 'AddSub'.
Entity <CordicStage.14> analyzed. Unit <CordicStage.14> generated.

Analyzing generic Entity <CordicStage.15> in library <work> (Architecture <concurrent>).
	i = 14
	wordsize = 22
WARNING:Xst:753 - "/home/chris/school/Winter_24_25/ee119b/hw3/synth_pipeline_three/CordicStage.vhd" line 256: Unconnected output port 'Cout' of component 'AddSub'.
WARNING:Xst:753 - "/home/chris/school/Winter_24_25/ee119b/hw3/synth_pipeline_three/CordicStage.vhd" line 269: Unconnected output port 'Cout' of component 'AddSub'.
WARNING:Xst:753 - "/home/chris/school/Winter_24_25/ee119b/hw3/synth_pipeline_three/CordicStage.vhd" line 280: Unconnected output port 'Cout' of component 'AddSub'.
Entity <CordicStage.15> analyzed. Unit <CordicStage.15> generated.

Analyzing generic Entity <CordicStage.16> in library <work> (Architecture <concurrent>).
	i = 15
	wordsize = 22
WARNING:Xst:753 - "/home/chris/school/Winter_24_25/ee119b/hw3/synth_pipeline_three/CordicStage.vhd" line 256: Unconnected output port 'Cout' of component 'AddSub'.
WARNING:Xst:753 - "/home/chris/school/Winter_24_25/ee119b/hw3/synth_pipeline_three/CordicStage.vhd" line 269: Unconnected output port 'Cout' of component 'AddSub'.
WARNING:Xst:753 - "/home/chris/school/Winter_24_25/ee119b/hw3/synth_pipeline_three/CordicStage.vhd" line 280: Unconnected output port 'Cout' of component 'AddSub'.
Entity <CordicStage.16> analyzed. Unit <CordicStage.16> generated.


=========================================================================
*                           HDL Synthesis                               *
=========================================================================

Performing bidirectional port resolution...

Synthesizing Unit <AdderSubtracter>.
    Related source file is "/home/chris/school/Winter_24_25/ee119b/hw3/synth_pipeline_three/AdderSubtracter.vhd".
    Found 1-bit xor3 for signal <S>.
    Found 1-bit xor2 for signal <Cout$xor0000> created at line 28.
    Summary:
	inferred   1 Xor(s).
Unit <AdderSubtracter> synthesized.


Synthesizing Unit <AddSub>.
    Related source file is "/home/chris/school/Winter_24_25/ee119b/hw3/synth_pipeline_three/AddSub.vhd".
Unit <AddSub> synthesized.


Synthesizing Unit <CordicStage_1>.
    Related source file is "/home/chris/school/Winter_24_25/ee119b/hw3/synth_pipeline_three/CordicStage.vhd".
    Found 1-bit xor2 for signal <XAddBarSub$xor0000>.
Unit <CordicStage_1> synthesized.


Synthesizing Unit <CordicStage_2>.
    Related source file is "/home/chris/school/Winter_24_25/ee119b/hw3/synth_pipeline_three/CordicStage.vhd".
    Found 1-bit xor2 for signal <XAddBarSub$xor0000>.
Unit <CordicStage_2> synthesized.


Synthesizing Unit <CordicStage_3>.
    Related source file is "/home/chris/school/Winter_24_25/ee119b/hw3/synth_pipeline_three/CordicStage.vhd".
    Found 1-bit xor2 for signal <XAddBarSub$xor0000>.
Unit <CordicStage_3> synthesized.


Synthesizing Unit <CordicStage_4>.
    Related source file is "/home/chris/school/Winter_24_25/ee119b/hw3/synth_pipeline_three/CordicStage.vhd".
    Found 1-bit xor2 for signal <XAddBarSub$xor0000>.
Unit <CordicStage_4> synthesized.


Synthesizing Unit <CordicStage_5>.
    Related source file is "/home/chris/school/Winter_24_25/ee119b/hw3/synth_pipeline_three/CordicStage.vhd".
    Found 1-bit xor2 for signal <XAddBarSub$xor0000>.
Unit <CordicStage_5> synthesized.


Synthesizing Unit <CordicStage_6>.
    Related source file is "/home/chris/school/Winter_24_25/ee119b/hw3/synth_pipeline_three/CordicStage.vhd".
    Found 1-bit xor2 for signal <XAddBarSub$xor0000>.
Unit <CordicStage_6> synthesized.


Synthesizing Unit <CordicStage_7>.
    Related source file is "/home/chris/school/Winter_24_25/ee119b/hw3/synth_pipeline_three/CordicStage.vhd".
    Found 1-bit xor2 for signal <XAddBarSub$xor0000>.
Unit <CordicStage_7> synthesized.


Synthesizing Unit <CordicStage_8>.
    Related source file is "/home/chris/school/Winter_24_25/ee119b/hw3/synth_pipeline_three/CordicStage.vhd".
    Found 1-bit xor2 for signal <XAddBarSub$xor0000>.
Unit <CordicStage_8> synthesized.


Synthesizing Unit <CordicStage_9>.
    Related source file is "/home/chris/school/Winter_24_25/ee119b/hw3/synth_pipeline_three/CordicStage.vhd".
    Found 1-bit xor2 for signal <XAddBarSub$xor0000>.
Unit <CordicStage_9> synthesized.


Synthesizing Unit <CordicStage_10>.
    Related source file is "/home/chris/school/Winter_24_25/ee119b/hw3/synth_pipeline_three/CordicStage.vhd".
    Found 1-bit xor2 for signal <XAddBarSub$xor0000>.
Unit <CordicStage_10> synthesized.


Synthesizing Unit <CordicStage_11>.
    Related source file is "/home/chris/school/Winter_24_25/ee119b/hw3/synth_pipeline_three/CordicStage.vhd".
    Found 1-bit xor2 for signal <XAddBarSub$xor0000>.
Unit <CordicStage_11> synthesized.


Synthesizing Unit <CordicStage_12>.
    Related source file is "/home/chris/school/Winter_24_25/ee119b/hw3/synth_pipeline_three/CordicStage.vhd".
    Found 1-bit xor2 for signal <XAddBarSub$xor0000>.
Unit <CordicStage_12> synthesized.


Synthesizing Unit <CordicStage_13>.
    Related source file is "/home/chris/school/Winter_24_25/ee119b/hw3/synth_pipeline_three/CordicStage.vhd".
    Found 1-bit xor2 for signal <XAddBarSub$xor0000>.
Unit <CordicStage_13> synthesized.


Synthesizing Unit <CordicStage_14>.
    Related source file is "/home/chris/school/Winter_24_25/ee119b/hw3/synth_pipeline_three/CordicStage.vhd".
    Found 1-bit xor2 for signal <XAddBarSub$xor0000>.
Unit <CordicStage_14> synthesized.


Synthesizing Unit <CordicStage_15>.
    Related source file is "/home/chris/school/Winter_24_25/ee119b/hw3/synth_pipeline_three/CordicStage.vhd".
    Found 1-bit xor2 for signal <XAddBarSub$xor0000>.
Unit <CordicStage_15> synthesized.


Synthesizing Unit <CordicStage_16>.
    Related source file is "/home/chris/school/Winter_24_25/ee119b/hw3/synth_pipeline_three/CordicStage.vhd".
    Found 1-bit xor2 for signal <XAddBarSub$xor0000>.
Unit <CordicStage_16> synthesized.


Synthesizing Unit <Cordic>.
    Related source file is "/home/chris/school/Winter_24_25/ee119b/hw3/synth_pipeline_three/Cordic.vhd".
WARNING:Xst:646 - Signal <ZResultBus<15><20:19>> is assigned but never used. This unconnected signal will be trimmed during the optimization process.
WARNING:Xst:646 - Signal <ZResultBus<15><3:0>> is assigned but never used. This unconnected signal will be trimmed during the optimization process.
WARNING:Xst:646 - Signal <YResultBus<15><20:19>> is assigned but never used. This unconnected signal will be trimmed during the optimization process.
WARNING:Xst:646 - Signal <YResultBus<15><3:0>> is assigned but never used. This unconnected signal will be trimmed during the optimization process.
WARNING:Xst:646 - Signal <XResultBus<15><20:19>> is assigned but never used. This unconnected signal will be trimmed during the optimization process.
WARNING:Xst:646 - Signal <XResultBus<15><3:0>> is assigned but never used. This unconnected signal will be trimmed during the optimization process.
WARNING:Xst:646 - Signal <PrevFunc> is assigned but never used. This unconnected signal will be trimmed during the optimization process.
WARNING:Xst:737 - Found 22-bit latch for signal <XInputBus_0>. Latches may be generated from incomplete case or if statements. We do not recommend the use of latches in FPGA/CPLD designs, as they may lead to timing problems.
INFO:Xst:2371 - HDL ADVISOR - Logic functions respectively driving the data and gate enable inputs of this latch share common terms. This situation will potentially lead to setup/hold violations and, as a result, to simulation problems. This situation may come from an incomplete case statement (all selector values are not covered). You should carefully review if it was in your intentions to describe such a latch.
    Found 16-bit register for signal <R>.
    Found 2-bit register for signal <CordSystemPipeline1>.
    Found 2-bit register for signal <CordSystemPipeline2>.
    Found 2-bit register for signal <CordSystemPipeline3>.
    Found 22-bit comparator less for signal <DBus_0$cmp_lt0000> created at line 346.
    Found 22-bit comparator less for signal <DBus_0$cmp_lt0001> created at line 346.
    Found 22-bit comparator less for signal <DBus_1$cmp_lt0000> created at line 346.
    Found 22-bit comparator less for signal <DBus_1$cmp_lt0001> created at line 346.
    Found 22-bit comparator less for signal <DBus_10$cmp_lt0000> created at line 379.
    Found 22-bit comparator less for signal <DBus_10$cmp_lt0001> created at line 379.
    Found 22-bit comparator less for signal <DBus_11$cmp_lt0000> created at line 379.
    Found 22-bit comparator less for signal <DBus_11$cmp_lt0001> created at line 379.
    Found 22-bit comparator less for signal <DBus_12$cmp_lt0000> created at line 392.
    Found 22-bit comparator less for signal <DBus_12$cmp_lt0001> created at line 392.
    Found 22-bit comparator less for signal <DBus_13$cmp_lt0000> created at line 392.
    Found 22-bit comparator less for signal <DBus_13$cmp_lt0001> created at line 392.
    Found 22-bit comparator less for signal <DBus_14$cmp_lt0000> created at line 392.
    Found 22-bit comparator less for signal <DBus_14$cmp_lt0001> created at line 392.
    Found 22-bit comparator less for signal <DBus_15$cmp_lt0000> created at line 392.
    Found 22-bit comparator less for signal <DBus_15$cmp_lt0001> created at line 392.
    Found 22-bit comparator less for signal <DBus_2$cmp_lt0000> created at line 346.
    Found 22-bit comparator less for signal <DBus_2$cmp_lt0001> created at line 346.
    Found 22-bit comparator less for signal <DBus_3$cmp_lt0000> created at line 346.
    Found 22-bit comparator less for signal <DBus_3$cmp_lt0001> created at line 346.
    Found 22-bit comparator less for signal <DBus_4$cmp_lt0000> created at line 366.
    Found 22-bit comparator less for signal <DBus_4$cmp_lt0001> created at line 366.
    Found 22-bit comparator less for signal <DBus_5$cmp_lt0000> created at line 366.
    Found 22-bit comparator less for signal <DBus_5$cmp_lt0001> created at line 366.
    Found 22-bit comparator less for signal <DBus_6$cmp_lt0000> created at line 366.
    Found 22-bit comparator less for signal <DBus_6$cmp_lt0001> created at line 366.
    Found 22-bit comparator less for signal <DBus_7$cmp_lt0000> created at line 366.
    Found 22-bit comparator less for signal <DBus_7$cmp_lt0001> created at line 366.
    Found 22-bit comparator less for signal <DBus_8$cmp_lt0000> created at line 379.
    Found 22-bit comparator less for signal <DBus_8$cmp_lt0001> created at line 379.
    Found 22-bit comparator less for signal <DBus_9$cmp_lt0000> created at line 379.
    Found 22-bit comparator less for signal <DBus_9$cmp_lt0001> created at line 379.
    Found 5-bit register for signal <Func_temp>.
    Found 5-bit register for signal <FuncPipeline1>.
    Found 5-bit register for signal <FuncPipeline2>.
    Found 5-bit register for signal <FuncPipeline3>.
    Found 1-bit register for signal <ModePipeline1>.
    Found 1-bit register for signal <ModePipeline2>.
    Found 1-bit register for signal <ModePipeline3>.
    Found 22-bit register for signal <X_temp>.
    Found 22-bit register for signal <XPipeline1>.
    Found 22-bit register for signal <XPipeline2>.
    Found 22-bit register for signal <XPipeline3>.
    Found 22-bit register for signal <Y_temp>.
    Found 22-bit register for signal <YPipeline1>.
    Found 22-bit register for signal <YPipeline2>.
    Found 22-bit register for signal <YPipeline3>.
    Found 22-bit register for signal <ZPipeline1>.
    Found 22-bit register for signal <ZPipeline2>.
    Found 22-bit register for signal <ZPipeline3>.
    Summary:
	inferred 287 D-type flip-flop(s).
	inferred  32 Comparator(s).
Unit <Cordic> synthesized.


=========================================================================
HDL Synthesis Report

Macro Statistics
# Registers                                            : 22
 1-bit register                                        : 3
 16-bit register                                       : 1
 2-bit register                                        : 3
 22-bit register                                       : 11
 5-bit register                                        : 4
# Latches                                              : 1
 22-bit latch                                          : 1
# Comparators                                          : 32
 22-bit comparator less                                : 32
# Xors                                                 : 2128
 1-bit xor2                                            : 1072
 1-bit xor3                                            : 1056

=========================================================================

=========================================================================
*                       Advanced HDL Synthesis                          *
=========================================================================

WARNING:Xst:1710 - FF/Latch <0> (without init value) has a constant value of 0 in block <2>. This FF/Latch will be trimmed during the optimization process.
WARNING:Xst:1895 - Due to other FF/Latch trimming, FF/Latch <X_temp_0> (without init value) has a constant value of 0 in block <Cordic>. This FF/Latch will be trimmed during the optimization process.
WARNING:Xst:1895 - Due to other FF/Latch trimming, FF/Latch <X_temp_1> (without init value) has a constant value of 0 in block <Cordic>. This FF/Latch will be trimmed during the optimization process.
WARNING:Xst:1895 - Due to other FF/Latch trimming, FF/Latch <X_temp_2> (without init value) has a constant value of 0 in block <Cordic>. This FF/Latch will be trimmed during the optimization process.
WARNING:Xst:1895 - Due to other FF/Latch trimming, FF/Latch <X_temp_3> (without init value) has a constant value of 0 in block <Cordic>. This FF/Latch will be trimmed during the optimization process.
WARNING:Xst:1895 - Due to other FF/Latch trimming, FF/Latch <Y_temp_0> (without init value) has a constant value of 0 in block <Cordic>. This FF/Latch will be trimmed during the optimization process.
WARNING:Xst:1895 - Due to other FF/Latch trimming, FF/Latch <Y_temp_1> (without init value) has a constant value of 0 in block <Cordic>. This FF/Latch will be trimmed during the optimization process.
WARNING:Xst:1895 - Due to other FF/Latch trimming, FF/Latch <Y_temp_2> (without init value) has a constant value of 0 in block <Cordic>. This FF/Latch will be trimmed during the optimization process.
WARNING:Xst:1895 - Due to other FF/Latch trimming, FF/Latch <Y_temp_3> (without init value) has a constant value of 0 in block <Cordic>. This FF/Latch will be trimmed during the optimization process.

=========================================================================
Advanced HDL Synthesis Report

Macro Statistics
# Registers                                            : 287
 Flip-Flops                                            : 287
# Latches                                              : 1
 22-bit latch                                          : 1
# Comparators                                          : 32
 22-bit comparator less                                : 32
# Xors                                                 : 2128
 1-bit xor2                                            : 1072
 1-bit xor3                                            : 1056

=========================================================================

=========================================================================
*                         Low Level Synthesis                           *
=========================================================================
WARNING:Xst:1710 - FF/Latch <X_temp_0> (without init value) has a constant value of 0 in block <Cordic>. This FF/Latch will be trimmed during the optimization process.
WARNING:Xst:1895 - Due to other FF/Latch trimming, FF/Latch <X_temp_1> (without init value) has a constant value of 0 in block <Cordic>. This FF/Latch will be trimmed during the optimization process.
WARNING:Xst:1895 - Due to other FF/Latch trimming, FF/Latch <X_temp_2> (without init value) has a constant value of 0 in block <Cordic>. This FF/Latch will be trimmed during the optimization process.
WARNING:Xst:1895 - Due to other FF/Latch trimming, FF/Latch <X_temp_3> (without init value) has a constant value of 0 in block <Cordic>. This FF/Latch will be trimmed during the optimization process.
WARNING:Xst:1895 - Due to other FF/Latch trimming, FF/Latch <Y_temp_0> (without init value) has a constant value of 0 in block <Cordic>. This FF/Latch will be trimmed during the optimization process.
WARNING:Xst:1895 - Due to other FF/Latch trimming, FF/Latch <Y_temp_1> (without init value) has a constant value of 0 in block <Cordic>. This FF/Latch will be trimmed during the optimization process.
WARNING:Xst:1895 - Due to other FF/Latch trimming, FF/Latch <Y_temp_2> (without init value) has a constant value of 0 in block <Cordic>. This FF/Latch will be trimmed during the optimization process.
WARNING:Xst:1895 - Due to other FF/Latch trimming, FF/Latch <Y_temp_3> (without init value) has a constant value of 0 in block <Cordic>. This FF/Latch will be trimmed during the optimization process.
INFO:Xst:2261 - The FF/Latch <X_temp_19> in Unit <Cordic> is equivalent to the following 2 FFs/Latches, which will be removed : <X_temp_20> <X_temp_21> 
INFO:Xst:2261 - The FF/Latch <Y_temp_19> in Unit <Cordic> is equivalent to the following 2 FFs/Latches, which will be removed : <Y_temp_20> <Y_temp_21> 
WARNING:Xst:1710 - FF/Latch <2> (without init value) has a constant value of 0 in block <LPM_LATCH_1>. This FF/Latch will be trimmed during the optimization process.
INFO:Xst:2261 - The FF/Latch <XInputBus_0_19> in Unit <Cordic> is equivalent to the following 2 FFs/Latches, which will be removed : <XInputBus_0_20> <XInputBus_0_21> 

Optimizing unit <Cordic> ...

Optimizing unit <AddSub> ...

Optimizing unit <CordicStage_1> ...

Optimizing unit <CordicStage_2> ...

Optimizing unit <CordicStage_3> ...

Optimizing unit <CordicStage_4> ...

Optimizing unit <CordicStage_5> ...

Optimizing unit <CordicStage_6> ...

Optimizing unit <CordicStage_7> ...

Optimizing unit <CordicStage_8> ...

Optimizing unit <CordicStage_9> ...

Optimizing unit <CordicStage_10> ...

Optimizing unit <CordicStage_11> ...

Optimizing unit <CordicStage_12> ...

Optimizing unit <CordicStage_13> ...

Optimizing unit <CordicStage_14> ...

Optimizing unit <CordicStage_15> ...

Optimizing unit <CordicStage_16> ...

Mapping all equations...
Building and optimizing final netlist ...
Found area constraint ratio of 100 (+ 5) on block Cordic, actual ratio is 15.
FlipFlop CordSystemPipeline2_1 has been replicated 1 time(s)
FlipFlop Func_temp_0 has been replicated 2 time(s)
INFO:Xst:1843 - HDL ADVISOR - FlipFlop Func_temp_0 connected to a primary input has been replicated
FlipFlop Func_temp_1 has been replicated 2 time(s)
INFO:Xst:1843 - HDL ADVISOR - FlipFlop Func_temp_1 connected to a primary input has been replicated
FlipFlop Func_temp_3 has been replicated 2 time(s)
INFO:Xst:1843 - HDL ADVISOR - FlipFlop Func_temp_3 connected to a primary input has been replicated
FlipFlop Func_temp_4 has been replicated 2 time(s)
INFO:Xst:1843 - HDL ADVISOR - FlipFlop Func_temp_4 connected to a primary input has been replicated
FlipFlop XPipeline3_21 has been replicated 1 time(s)

Final Macro Processing ...

=========================================================================
Final Register Report

Macro Statistics
# Registers                                            : 285
 Flip-Flops                                            : 285

=========================================================================

=========================================================================
*                           Partition Report                            *
=========================================================================

Partition Implementation Status
-------------------------------

  No Partitions were found in this design.

-------------------------------

=========================================================================
*                            Final Report                               *
=========================================================================
Final Results
RTL Top Level Output File Name     : Cordic.ngr
Top Level Output File Name         : Cordic
Output Format                      : NGC
Optimization Goal                  : Speed
Keep Hierarchy                     : No

Design Statistics
# IOs                              : 54

Cell Usage :
# BELS                             : 4811
#      GND                         : 1
#      LUT2                        : 116
#      LUT2_D                      : 33
#      LUT2_L                      : 49
#      LUT3                        : 509
#      LUT3_D                      : 231
#      LUT3_L                      : 57
#      LUT4                        : 2433
#      LUT4_D                      : 465
#      LUT4_L                      : 295
#      MUXF5                       : 621
#      VCC                         : 1
# FlipFlops/Latches                : 304
#      FD                          : 268
#      FDR                         : 1
#      FDS                         : 16
#      LD                          : 19
# Clock Buffers                    : 1
#      BUFGP                       : 1
# IO Buffers                       : 53
#      IBUF                        : 37
#      OBUF                        : 16
=========================================================================

Device utilization summary:
---------------------------

Selected Device : 3s1200efg320-4 

 Number of Slices:                     2141  out of   8672    24%  
 Number of Slice Flip Flops:            304  out of  17344     1%  
 Number of 4 input LUTs:               4188  out of  17344    24%  
 Number of IOs:                          54
 Number of bonded IOBs:                  54  out of    250    21%  
 Number of GCLKs:                         1  out of     24     4%  

---------------------------
Partition Resource Summary:
---------------------------

  No Partitions were found in this design.

---------------------------


=========================================================================
TIMING REPORT

NOTE: THESE TIMING NUMBERS ARE ONLY A SYNTHESIS ESTIMATE.
      FOR ACCURATE TIMING INFORMATION PLEASE REFER TO THE TRACE REPORT
      GENERATED AFTER PLACE-and-ROUTE.

Clock Information:
------------------
----------------------------------------+------------------------+-------+
Clock Signal                            | Clock buffer(FF name)  | Load  |
----------------------------------------+------------------------+-------+
CLK                                     | BUFGP                  | 285   |
ZResultBus<0><0>(XInputBus_0_not00011:O)| NONE(*)(XInputBus_0_0) | 19    |
----------------------------------------+------------------------+-------+
(*) This 1 clock signal(s) are generated by combinatorial logic,
and XST is not able to identify which are the primary clock signals.
Please use the CLOCK_SIGNAL constraint to specify the clock signal(s) generated by combinatorial logic.
INFO:Xst:2169 - HDL ADVISOR - Some clock signals were not automatically buffered by XST with BUFG/BUFR resources. Please use the buffer_type constraint in order to insert these buffers to the clock signals to help prevent skew problems.

Asynchronous Control Signals Information:
----------------------------------------
No asynchronous control signals found in this design

Timing Summary:
---------------
Speed Grade: -4

   Minimum period: 49.805ns (Maximum Frequency: 20.078MHz)
   Minimum input arrival time before clock: 2.057ns
   Maximum output required time after clock: 4.283ns
   Maximum combinational path delay: No path found

Timing Detail:
--------------
All values displayed in nanoseconds (ns)

=========================================================================
Timing constraint: Default period analysis for Clock 'CLK'
  Clock period: 49.805ns (frequency: 20.078MHz)
  Total number of paths / destination ports: 671155652882 / 257
-------------------------------------------------------------------------
Delay:               49.805ns (Levels of Logic = 43)
  Source:            Y_temp_19 (FF)
  Destination:       R_14 (FF)
  Source Clock:      CLK rising
  Destination Clock: CLK rising

  Data Path: Y_temp_19 to R_14
                                Gate     Net
    Cell:in->out      fanout   Delay   Delay  Logical Name (Net Name)
    ----------------------------------------  ------------
     FD:C->Q              13   0.591   1.018  Y_temp_19 (Y_temp_19)
     LUT3_D:I2->O          5   0.704   0.637  DBus_10_mux00001_SW0 (N720)
     LUT4:I3->O           18   0.704   1.147  DBus_12_mux0000_1 (DBus_12_mux0000)
     LUT2:I1->O           11   0.704   0.937  CordicStageGen_FourthQuarter[12].CordicStage_i/XAddBarSub1 (CordicStageGen_FourthQuarter[12].CordicStage_i/XAddBarSub)
     LUT4_D:I3->LO         1   0.704   0.135  CordicStageGen_FourthQuarter[12].CordicStage_i/XAdder/AddSub_gen[3].AddSub_x/Cout1 (N5282)
     LUT3:I2->O            5   0.704   0.668  CordicStageGen_FourthQuarter[12].CordicStage_i/XAdder/AddSub_gen[5].AddSub_x/Cout1 (CordicStageGen_FourthQuarter[12].CordicStage_i/XAdder/CarryBus<5>)
     LUT3:I2->O            3   0.704   0.535  CordicStageGen_FourthQuarter[12].CordicStage_i/XAdder/AddSub_gen[11].AddSub_x/Cout1 (CordicStageGen_FourthQuarter[12].CordicStage_i/XAdder/CarryBus<11>)
     LUT4_D:I3->LO         1   0.704   0.104  CordicStageGen_FourthQuarter[12].CordicStage_i/XAdder/AddSub_gen[13].AddSub_x/Cout1 (N5351)
     LUT4:I3->O            3   0.704   0.535  CordicStageGen_FourthQuarter[12].CordicStage_i/XAdder/AddSub_gen[15].AddSub_x/Cout1 (CordicStageGen_FourthQuarter[12].CordicStage_i/XAdder/CarryBus<15>)
     LUT4_D:I3->LO         1   0.704   0.104  CordicStageGen_FourthQuarter[12].CordicStage_i/XAdder/AddSub_gen[17].AddSub_x/Cout1 (N5344)
     LUT4:I3->O            9   0.704   0.855  CordicStageGen_FourthQuarter[12].CordicStage_i/XAdder/AddSub_gen[19].AddSub_x/Cout1 (CordicStageGen_FourthQuarter[12].CordicStage_i/XAdder/CarryBus<19>)
     LUT3_D:I2->LO         1   0.704   0.104  CordicStageGen_FourthQuarter[13].CordicStage_i/YAdder/AddSub_gen[8].AddSub_x/Cout1_SW0_SW0 (N5612)
     LUT4:I3->O            6   0.704   0.669  DBus_13_mux0000_1 (DBus_13_mux0000)
     MUXF5:S->O            2   0.739   0.451  CordicStageGen_FourthQuarter[13].CordicStage_i/YAdder/AddSub_gen[6].AddSub_x/Cout1_SW1 (N1907)
     LUT4_D:I3->LO         1   0.704   0.104  CordicStageGen_FourthQuarter[13].CordicStage_i/YAdder/AddSub_gen[7].AddSub_x/Cout1_SW1 (N5537)
     LUT4:I3->O            2   0.704   0.526  CordicStageGen_FourthQuarter[13].CordicStage_i/YAdder/AddSub_gen[9].AddSub_x/Cout1_SW1 (N2462)
     LUT4:I1->O            1   0.704   0.000  CordicStageGen_FourthQuarter[13].CordicStage_i/YAdder/AddSub_gen[13].AddSub_x/Cout1_G (N5021)
     MUXF5:I1->O           3   0.321   0.535  CordicStageGen_FourthQuarter[13].CordicStage_i/YAdder/AddSub_gen[13].AddSub_x/Cout1 (CordicStageGen_FourthQuarter[13].CordicStage_i/YAdder/CarryBus<13>)
     LUT4_D:I3->O          2   0.704   0.451  CordicStageGen_FourthQuarter[13].CordicStage_i/YAdder/AddSub_gen[15].AddSub_x/Cout1 (CordicStageGen_FourthQuarter[13].CordicStage_i/YAdder/CarryBus<15>)
     LUT4:I3->O            6   0.704   0.673  CordicStageGen_FourthQuarter[13].CordicStage_i/YAdder/AddSub_gen[17].AddSub_x/Cout1 (CordicStageGen_FourthQuarter[13].CordicStage_i/YAdder/CarryBus<17>)
     LUT4:I3->O            3   0.704   0.535  CordicStageGen_FourthQuarter[13].CordicStage_i/YAdder/AddSub_gen[19].AddSub_x/Cout1 (CordicStageGen_FourthQuarter[13].CordicStage_i/YAdder/CarryBus<19>)
     LUT4:I3->O            1   0.704   0.000  DBus_14_mux0000_SW1_G (N4247)
     MUXF5:I1->O          10   0.321   0.886  DBus_14_mux0000_SW1 (N706)
     LUT4:I3->O            7   0.704   0.708  DBus_14_mux0000_1 (DBus_14_mux0000)
     MUXF5:S->O            2   0.739   0.451  CordicStageGen_FourthQuarter[14].CordicStage_i/YAdder/AddSub_gen[6].AddSub_x/Cout1_SW0 (N1912)
     LUT4_D:I3->LO         1   0.704   0.104  CordicStageGen_FourthQuarter[14].CordicStage_i/YAdder/AddSub_gen[7].AddSub_x/Cout1_SW0 (N5533)
     LUT4:I3->O            2   0.704   0.451  CordicStageGen_FourthQuarter[14].CordicStage_i/YAdder/AddSub_gen[9].AddSub_x/Cout1_SW0 (N3069)
     LUT4:I3->O            2   0.704   0.526  CordicStageGen_FourthQuarter[14].CordicStage_i/YAdder/AddSub_gen[11].AddSub_x/Cout1_SW0 (N3454)
     LUT3_D:I1->LO         1   0.704   0.104  CordicStageGen_FourthQuarter[14].CordicStage_i/YAdder/AddSub_gen[13].AddSub_x/Cout1 (N5675)
     LUT4:I3->O            3   0.704   0.535  CordicStageGen_FourthQuarter[14].CordicStage_i/YAdder/AddSub_gen[15].AddSub_x/Cout1 (CordicStageGen_FourthQuarter[14].CordicStage_i/YAdder/CarryBus<15>)
     LUT4:I3->O            7   0.704   0.712  CordicStageGen_FourthQuarter[14].CordicStage_i/YAdder/AddSub_gen[17].AddSub_x/Cout1 (CordicStageGen_FourthQuarter[14].CordicStage_i/YAdder/CarryBus<17>)
     LUT4:I3->O            1   0.704   0.424  CordicStageGen_FourthQuarter[14].CordicStage_i/YAdder/AddSub_gen[19].AddSub_x/Cout1 (CordicStageGen_FourthQuarter[14].CordicStage_i/YAdder/CarryBus<19>)
     LUT4:I3->O            1   0.704   0.000  DBus_15_mux0000_SW1_G (N4245)
     MUXF5:I1->O           7   0.321   0.712  DBus_15_mux0000_SW1 (N703)
     LUT4:I3->O            7   0.704   0.708  CordicStageGen_FourthQuarter[15].CordicStage_i/XAddBarSub1_1 (CordicStageGen_FourthQuarter[15].CordicStage_i/XAddBarSub1)
     MUXF5:S->O            2   0.739   0.622  CordicStageGen_FourthQuarter[15].CordicStage_i/XAdder/AddSub_gen[4].AddSub_x/Cout1_SW1 (N1925)
     LUT3:I0->O            2   0.704   0.526  CordicStageGen_FourthQuarter[15].CordicStage_i/XAdder/AddSub_gen[5].AddSub_x/Cout1_SW1 (N2880)
     LUT4:I1->O            1   0.704   0.000  CordicStageGen_FourthQuarter[15].CordicStage_i/XAdder/AddSub_gen[9].AddSub_x/Cout1_G (N4985)
     MUXF5:I1->O           3   0.321   0.535  CordicStageGen_FourthQuarter[15].CordicStage_i/XAdder/AddSub_gen[9].AddSub_x/Cout1 (CordicStageGen_FourthQuarter[15].CordicStage_i/XAdder/CarryBus<9>)
     LUT4:I3->O            3   0.704   0.535  CordicStageGen_FourthQuarter[15].CordicStage_i/XAdder/AddSub_gen[11].AddSub_x/Cout1 (CordicStageGen_FourthQuarter[15].CordicStage_i/XAdder/CarryBus<11>)
     LUT4_D:I3->LO         1   0.704   0.104  CordicStageGen_FourthQuarter[15].CordicStage_i/XAdder/AddSub_gen[13].AddSub_x/Cout1 (N5361)
     LUT4:I3->O            4   0.704   0.591  CordicStageGen_FourthQuarter[15].CordicStage_i/XAdder/AddSub_gen[15].AddSub_x/Cout1 (CordicStageGen_FourthQuarter[15].CordicStage_i/XAdder/CarryBus<15>)
     LUT4_L:I3->LO         1   0.704   0.104  CordicStageGen_FourthQuarter[15].CordicStage_i/XAdder/AddSub_gen[17].AddSub_x/Cout1 (CordicStageGen_FourthQuarter[15].CordicStage_i/XAdder/CarryBus<17>)
     LUT4:I3->O            1   0.704   0.000  ResultComb<14>398 (ResultComb<14>398)
     FDS:D                     0.308          R_14
    ----------------------------------------
    Total                     49.805ns (29.744ns logic, 20.061ns route)
                                       (59.7% logic, 40.3% route)

=========================================================================
Timing constraint: Default OFFSET IN BEFORE for Clock 'CLK'
  Total number of paths / destination ports: 45 / 45
-------------------------------------------------------------------------
Offset:              2.057ns (Levels of Logic = 1)
  Source:            Func<0> (PAD)
  Destination:       Func_temp_0 (FF)
  Destination Clock: CLK rising

  Data Path: Func<0> to Func_temp_0
                                Gate     Net
    Cell:in->out      fanout   Delay   Delay  Logical Name (Net Name)
    ----------------------------------------  ------------
     IBUF:I->O             3   1.218   0.531  Func_0_IBUF (Func_0_IBUF)
     FD:D                      0.308          Func_temp_0
    ----------------------------------------
    Total                      2.057ns (1.526ns logic, 0.531ns route)
                                       (74.2% logic, 25.8% route)

=========================================================================
Timing constraint: Default OFFSET OUT AFTER for Clock 'CLK'
  Total number of paths / destination ports: 16 / 16
-------------------------------------------------------------------------
Offset:              4.283ns (Levels of Logic = 1)
  Source:            R_15 (FF)
  Destination:       R<15> (PAD)
  Source Clock:      CLK rising

  Data Path: R_15 to R<15>
                                Gate     Net
    Cell:in->out      fanout   Delay   Delay  Logical Name (Net Name)
    ----------------------------------------  ------------
     FDS:C->Q              1   0.591   0.420  R_15 (R_15)
     OBUF:I->O                 3.272          R_15_OBUF (R<15>)
    ----------------------------------------
    Total                      4.283ns (3.863ns logic, 0.420ns route)
                                       (90.2% logic, 9.8% route)

=========================================================================


Total REAL time to Xst completion: 75.00 secs
Total CPU time to Xst completion: 74.31 secs
 
--> 


Total memory usage is 838232 kilobytes

Number of errors   :    0 (   0 filtered)
Number of warnings :   74 (   0 filtered)
Number of infos    :    9 (   0 filtered)

