V3 24
FL /home/chris/school/Winter_24_25/ee119b/hw3/synth_pipeline_three/AdderSubtracter.vhd 2025/02/23.16:10:50 P.20131013
EN work/AdderSubtracter 1740546316 \
      FL /home/chris/school/Winter_24_25/ee119b/hw3/synth_pipeline_three/AdderSubtracter.vhd \
      PB ieee/std_logic_1164 1381692176 PB ieee/NUMERIC_STD 1381692181
AR work/AdderSubtracter/concurrent 1740546317 \
      FL /home/chris/school/Winter_24_25/ee119b/hw3/synth_pipeline_three/AdderSubtracter.vhd \
      EN work/AdderSubtracter 1740546316
FL /home/chris/school/Winter_24_25/ee119b/hw3/synth_pipeline_three/AddSub.vhd 2025/02/23.16:10:50 P.20131013
EN work/AddSub 1740546320 \
      FL /home/chris/school/Winter_24_25/ee119b/hw3/synth_pipeline_three/AddSub.vhd \
      PB ieee/std_logic_1164 1381692176 PB ieee/NUMERIC_STD 1381692181 \
      PB std/TEXTIO 1381692176 PB ieee/MATH_REAL 1381692182 \
      PB ieee/std_logic_arith 1381692177
AR work/AddSub/concurrent 1740546321 \
      FL /home/chris/school/Winter_24_25/ee119b/hw3/synth_pipeline_three/AddSub.vhd \
      EN work/AddSub 1740546320 CP AdderSubtracter
FL /home/chris/school/Winter_24_25/ee119b/hw3/synth_pipeline_three/AnsiEscape.vhd 2025/02/23.16:10:50 P.20131013
PH work/ANSIEscape 1740546322 \
      FL /home/chris/school/Winter_24_25/ee119b/hw3/synth_pipeline_three/AnsiEscape.vhd \
      LB std
FL /home/chris/school/Winter_24_25/ee119b/hw3/synth_pipeline_three/Cordic.vhd 2025/02/25.21:05:09 P.20131013
EN work/Cordic 1740546326 \
      FL /home/chris/school/Winter_24_25/ee119b/hw3/synth_pipeline_three/Cordic.vhd \
      PB std/TEXTIO 1381692176 PB ieee/std_logic_1164 1381692176 \
      PB ieee/NUMERIC_STD 1381692181 PB ieee/MATH_REAL 1381692182 PB work/FixedLib 1740546319 \
      PH work/CordicConstants 1740546323 LB work PH work/ANSIEscape 1740546322
AR work/Cordic/sim 1740546327 \
      FL /home/chris/school/Winter_24_25/ee119b/hw3/synth_pipeline_three/Cordic.vhd \
      EN work/Cordic 1740546326 CP CordicStage
FL /home/chris/school/Winter_24_25/ee119b/hw3/synth_pipeline_three/CordicStage.vhd 2025/02/25.21:04:50 P.20131013
PH work/CordicConstants 1740546323 \
      FL /home/chris/school/Winter_24_25/ee119b/hw3/synth_pipeline_three/CordicStage.vhd \
      PB std/TEXTIO 1381692176 PB ieee/std_logic_1164 1381692176 \
      PB ieee/NUMERIC_STD 1381692181 PB ieee/MATH_REAL 1381692182 PB work/FixedLib 1740546319
EN work/CordicStage 1740546324 \
      FL /home/chris/school/Winter_24_25/ee119b/hw3/synth_pipeline_three/CordicStage.vhd \
      PB std/TEXTIO 1381692176 PB ieee/std_logic_1164 1381692176 \
      PB ieee/NUMERIC_STD 1381692181 PB ieee/MATH_REAL 1381692182 PB work/FixedLib 1740546319 \
      PH work/CordicConstants 1740546323 LB work
AR work/CordicStage/concurrent 1740546325 \
      FL /home/chris/school/Winter_24_25/ee119b/hw3/synth_pipeline_three/CordicStage.vhd \
      EN work/CordicStage 1740546324 CP AddSub
FL /home/chris/school/Winter_24_25/ee119b/hw3/synth_pipeline_three/FixedLib.vhd 2025/02/23.16:10:50 P.20131013
PH work/FixedLib 1740546318 \
      FL /home/chris/school/Winter_24_25/ee119b/hw3/synth_pipeline_three/FixedLib.vhd \
      PB std/TEXTIO 1381692176 PB ieee/std_logic_1164 1381692176 \
      PB ieee/NUMERIC_STD 1381692181 PB ieee/MATH_REAL 1381692182
PB work/FixedLib 1740546319 \
      FL /home/chris/school/Winter_24_25/ee119b/hw3/synth_pipeline_three/FixedLib.vhd \
      PH work/FixedLib 1740546318
