--------------------------------------------------------------------------------
Release 14.7 Trace  (lin64)
Copyright (c) 1995-2013 Xilinx, Inc.  All rights reserved.

/opt/Xilinx/14.7/ISE_DS/ISE/bin/lin64/unwrapped/trce -intstyle ise -v 3 -s 4 -n
3 -fastpaths -xml Cordic.twx Cordic.ncd -o Cordic.twr Cordic.pcf

Design file:              Cordic.ncd
Physical constraint file: Cordic.pcf
Device,package,speed:     xc3s1200e,fg320,-4 (PRODUCTION 1.27 2013-10-13)
Report level:             verbose report

Environment Variable      Effect 
--------------------      ------ 
NONE                      No environment variables were set
--------------------------------------------------------------------------------

INFO:Timing:2698 - No timing constraints found, doing default enumeration.
INFO:Timing:3412 - To improve timing, see the Timing Closure User Guide (UG612).
INFO:Timing:2752 - To get complete path coverage, use the unconstrained paths 
   option. All paths that are not constrained will be reported in the 
   unconstrained paths section(s) of the report.
INFO:Timing:3339 - The clock-to-out numbers in this timing report are based on 
   a 50 Ohm transmission line loading model.  For the details of this model, 
   and for more information on accounting for different loading conditions, 
   please see the device datasheet.
INFO:Timing:3390 - This architecture does not support a default System Jitter 
   value, please add SYSTEM_JITTER constraint to the UCF to modify the Clock 
   Uncertainty calculation.
INFO:Timing:3389 - This architecture does not support 'Discrete Jitter' and 
   'Phase Error' calculations, these terms will be zero in the Clock 
   Uncertainty calculation.  Please make appropriate modification to 
   SYSTEM_JITTER to account for the unsupported Discrete Jitter and Phase 
   Error.



Data Sheet report:
-----------------
All values displayed in nanoseconds (ns)

Setup/Hold to clock CLK
------------+------------+------------+------------------+--------+
            |Max Setup to|Max Hold to |                  | Clock  |
Source      | clk (edge) | clk (edge) |Internal Clock(s) | Phase  |
------------+------------+------------+------------------+--------+
Func<0>     |    1.140(R)|    0.559(R)|CLK_BUFGP         |   0.000|
Func<1>     |    1.114(R)|    0.556(R)|CLK_BUFGP         |   0.000|
Func<2>     |    0.410(R)|    0.912(R)|CLK_BUFGP         |   0.000|
Func<3>     |    1.350(R)|    1.608(R)|CLK_BUFGP         |   0.000|
Func<4>     |    0.782(R)|    0.869(R)|CLK_BUFGP         |   0.000|
X<0>        |    1.726(R)|   -0.134(R)|CLK_BUFGP         |   0.000|
X<1>        |    1.308(R)|    0.200(R)|CLK_BUFGP         |   0.000|
X<2>        |    1.097(R)|    0.371(R)|CLK_BUFGP         |   0.000|
X<3>        |    1.325(R)|    0.189(R)|CLK_BUFGP         |   0.000|
X<4>        |    0.302(R)|    1.017(R)|CLK_BUFGP         |   0.000|
X<5>        |    0.528(R)|    0.837(R)|CLK_BUFGP         |   0.000|
X<6>        |    0.532(R)|    0.832(R)|CLK_BUFGP         |   0.000|
X<7>        |    0.785(R)|    0.630(R)|CLK_BUFGP         |   0.000|
X<8>        |    0.271(R)|    1.041(R)|CLK_BUFGP         |   0.000|
X<9>        |    0.710(R)|    0.690(R)|CLK_BUFGP         |   0.000|
X<10>       |    0.488(R)|    0.869(R)|CLK_BUFGP         |   0.000|
X<11>       |    0.200(R)|    1.099(R)|CLK_BUFGP         |   0.000|
X<12>       |    0.531(R)|    0.820(R)|CLK_BUFGP         |   0.000|
X<13>       |    0.881(R)|    0.540(R)|CLK_BUFGP         |   0.000|
X<14>       |    0.538(R)|    0.818(R)|CLK_BUFGP         |   0.000|
X<15>       |    0.918(R)|    0.515(R)|CLK_BUFGP         |   0.000|
Y<0>        |    0.676(R)|    0.705(R)|CLK_BUFGP         |   0.000|
Y<1>        |    0.374(R)|    0.947(R)|CLK_BUFGP         |   0.000|
Y<2>        |    0.110(R)|    1.169(R)|CLK_BUFGP         |   0.000|
Y<3>        |   -0.439(R)|    1.609(R)|CLK_BUFGP         |   0.000|
Y<4>        |   -0.109(R)|    1.343(R)|CLK_BUFGP         |   0.000|
Y<5>        |   -0.412(R)|    1.585(R)|CLK_BUFGP         |   0.000|
Y<6>        |   -0.130(R)|    1.361(R)|CLK_BUFGP         |   0.000|
Y<7>        |   -0.464(R)|    1.627(R)|CLK_BUFGP         |   0.000|
Y<8>        |   -0.414(R)|    1.589(R)|CLK_BUFGP         |   0.000|
Y<9>        |   -0.467(R)|    1.630(R)|CLK_BUFGP         |   0.000|
Y<10>       |   -0.418(R)|    1.593(R)|CLK_BUFGP         |   0.000|
Y<11>       |   -0.440(R)|    1.611(R)|CLK_BUFGP         |   0.000|
Y<12>       |    0.079(R)|    1.194(R)|CLK_BUFGP         |   0.000|
Y<13>       |    0.026(R)|    1.236(R)|CLK_BUFGP         |   0.000|
Y<14>       |    0.968(R)|    0.457(R)|CLK_BUFGP         |   0.000|
Y<15>       |    1.025(R)|    0.411(R)|CLK_BUFGP         |   0.000|
------------+------------+------------+------------------+--------+

Clock CLK to Pad
------------+------------+------------------+--------+
            | clk (edge) |                  | Clock  |
Destination |   to PAD   |Internal Clock(s) | Phase  |
------------+------------+------------------+--------+
R<0>        |    8.279(R)|CLK_BUFGP         |   0.000|
R<1>        |    8.997(R)|CLK_BUFGP         |   0.000|
R<2>        |    8.786(R)|CLK_BUFGP         |   0.000|
R<3>        |    7.331(R)|CLK_BUFGP         |   0.000|
R<4>        |    8.960(R)|CLK_BUFGP         |   0.000|
R<5>        |    8.225(R)|CLK_BUFGP         |   0.000|
R<6>        |    8.272(R)|CLK_BUFGP         |   0.000|
R<7>        |    7.900(R)|CLK_BUFGP         |   0.000|
R<8>        |    8.170(R)|CLK_BUFGP         |   0.000|
R<9>        |    7.824(R)|CLK_BUFGP         |   0.000|
R<10>       |    7.871(R)|CLK_BUFGP         |   0.000|
R<11>       |    7.270(R)|CLK_BUFGP         |   0.000|
R<12>       |    7.868(R)|CLK_BUFGP         |   0.000|
R<13>       |    7.266(R)|CLK_BUFGP         |   0.000|
R<14>       |    7.808(R)|CLK_BUFGP         |   0.000|
R<15>       |    7.823(R)|CLK_BUFGP         |   0.000|
------------+------------+------------------+--------+

Clock to Setup on destination clock CLK
---------------+---------+---------+---------+---------+
               | Src:Rise| Src:Fall| Src:Rise| Src:Fall|
Source Clock   |Dest:Rise|Dest:Rise|Dest:Fall|Dest:Fall|
---------------+---------+---------+---------+---------+
CLK            |   89.022|         |         |         |
---------------+---------+---------+---------+---------+


Analysis completed Tue Feb 25 18:17:39 2025 
--------------------------------------------------------------------------------

Trace Settings:
-------------------------
Trace Settings 

Peak Memory Usage: 397 MB



