Release 14.7 - xst P.20131013 (lin64)
Copyright (c) 1995-2013 Xilinx, Inc.  All rights reserved.
--> 
Parameter TMPDIR set to xst/projnav.tmp


Total REAL time to Xst completion: 0.00 secs
Total CPU time to Xst completion: 0.04 secs
 
--> 
Parameter xsthdpdir set to xst


Total REAL time to Xst completion: 0.00 secs
Total CPU time to Xst completion: 0.04 secs
 
--> 
Reading design: Cordic.prj

TABLE OF CONTENTS
  1) Synthesis Options Summary
  2) HDL Compilation
  3) Design Hierarchy Analysis
  4) HDL Analysis
  5) HDL Synthesis
     5.1) HDL Synthesis Report
  6) Advanced HDL Synthesis
     6.1) Advanced HDL Synthesis Report
  7) Low Level Synthesis
  8) Partition Report
  9) Final Report
	9.1) Device utilization summary
	9.2) Partition Resource Summary
	9.3) TIMING REPORT


=========================================================================
*                      Synthesis Options Summary                        *
=========================================================================
---- Source Parameters
Input File Name                    : "Cordic.prj"
Input Format                       : mixed
Ignore Synthesis Constraint File   : NO

---- Target Parameters
Output File Name                   : "Cordic"
Output Format                      : NGC
Target Device                      : xc3s1200e-4-fg320

---- Source Options
Top Module Name                    : Cordic
Automatic FSM Extraction           : YES
FSM Encoding Algorithm             : Auto
Safe Implementation                : No
FSM Style                          : LUT
RAM Extraction                     : Yes
RAM Style                          : Auto
ROM Extraction                     : Yes
Mux Style                          : Auto
Decoder Extraction                 : YES
Priority Encoder Extraction        : Yes
Shift Register Extraction          : YES
Logical Shifter Extraction         : YES
XOR Collapsing                     : YES
ROM Style                          : Auto
Mux Extraction                     : Yes
Resource Sharing                   : YES
Asynchronous To Synchronous        : NO
Multiplier Style                   : Auto
Automatic Register Balancing       : No

---- Target Options
Add IO Buffers                     : YES
Global Maximum Fanout              : 500
Add Generic Clock Buffer(BUFG)     : 24
Register Duplication               : YES
Slice Packing                      : YES
Optimize Instantiated Primitives   : NO
Use Clock Enable                   : Yes
Use Synchronous Set                : Yes
Use Synchronous Reset              : Yes
Pack IO Registers into IOBs        : Auto
Equivalent register Removal        : YES

---- General Options
Optimization Goal                  : Speed
Optimization Effort                : 1
Keep Hierarchy                     : No
Netlist Hierarchy                  : As_Optimized
RTL Output                         : Yes
Global Optimization                : AllClockNets
Read Cores                         : YES
Write Timing Constraints           : NO
Cross Clock Analysis               : NO
Hierarchy Separator                : /
Bus Delimiter                      : <>
Case Specifier                     : Maintain
Slice Utilization Ratio            : 100
BRAM Utilization Ratio             : 100
Verilog 2001                       : YES
Auto BRAM Packing                  : NO
Slice Utilization Ratio Delta      : 5

=========================================================================


=========================================================================
*                          HDL Compilation                              *
=========================================================================
Compiling vhdl file "/home/chris/school/Winter_24_25/ee119b/hw3/synth_pipelined/AdderSubtracter.vhd" in Library work.
Architecture concurrent of Entity addersubtracter is up to date.
Compiling vhdl file "/home/chris/school/Winter_24_25/ee119b/hw3/synth_pipelined/FixedLib.vhd" in Library work.
Architecture fixedlib of Entity fixedlib is up to date.
Compiling vhdl file "/home/chris/school/Winter_24_25/ee119b/hw3/synth_pipelined/AddSub.vhd" in Library work.
Architecture concurrent of Entity addsub is up to date.
Compiling vhdl file "/home/chris/school/Winter_24_25/ee119b/hw3/synth_pipelined/AnsiEscape.vhd" in Library work.
Compiling vhdl file "/home/chris/school/Winter_24_25/ee119b/hw3/synth_pipelined/CordicStage.vhd" in Library work.
Architecture concurrent of Entity cordicstage is up to date.
Compiling vhdl file "/home/chris/school/Winter_24_25/ee119b/hw3/synth_pipelined/Cordic.vhd" in Library work.
Entity <Cordic> compiled.
Entity <Cordic> (Architecture <synth>) compiled.

=========================================================================
*                     Design Hierarchy Analysis                         *
=========================================================================
Analyzing hierarchy for entity <Cordic> in library <work> (architecture <synth>).

Analyzing hierarchy for entity <CordicStage> in library <work> (architecture <concurrent>) with generics.
	i = 0
	wordsize = 22

Analyzing hierarchy for entity <CordicStage> in library <work> (architecture <concurrent>) with generics.
	i = 1
	wordsize = 22

Analyzing hierarchy for entity <CordicStage> in library <work> (architecture <concurrent>) with generics.
	i = 2
	wordsize = 22

Analyzing hierarchy for entity <CordicStage> in library <work> (architecture <concurrent>) with generics.
	i = 3
	wordsize = 22

Analyzing hierarchy for entity <CordicStage> in library <work> (architecture <concurrent>) with generics.
	i = 4
	wordsize = 22

Analyzing hierarchy for entity <CordicStage> in library <work> (architecture <concurrent>) with generics.
	i = 5
	wordsize = 22

Analyzing hierarchy for entity <CordicStage> in library <work> (architecture <concurrent>) with generics.
	i = 6
	wordsize = 22

Analyzing hierarchy for entity <CordicStage> in library <work> (architecture <concurrent>) with generics.
	i = 7
	wordsize = 22

Analyzing hierarchy for entity <CordicStage> in library <work> (architecture <concurrent>) with generics.
	i = 8
	wordsize = 22

Analyzing hierarchy for entity <CordicStage> in library <work> (architecture <concurrent>) with generics.
	i = 9
	wordsize = 22

Analyzing hierarchy for entity <CordicStage> in library <work> (architecture <concurrent>) with generics.
	i = 10
	wordsize = 22

Analyzing hierarchy for entity <CordicStage> in library <work> (architecture <concurrent>) with generics.
	i = 11
	wordsize = 22

Analyzing hierarchy for entity <CordicStage> in library <work> (architecture <concurrent>) with generics.
	i = 12
	wordsize = 22

Analyzing hierarchy for entity <CordicStage> in library <work> (architecture <concurrent>) with generics.
	i = 13
	wordsize = 22

Analyzing hierarchy for entity <CordicStage> in library <work> (architecture <concurrent>) with generics.
	i = 14
	wordsize = 22

Analyzing hierarchy for entity <CordicStage> in library <work> (architecture <concurrent>) with generics.
	i = 15
	wordsize = 22

Analyzing hierarchy for entity <AddSub> in library <work> (architecture <concurrent>) with generics.
	wordsize = 22

Analyzing hierarchy for entity <AdderSubtracter> in library <work> (architecture <concurrent>).


=========================================================================
*                            HDL Analysis                               *
=========================================================================
Analyzing Entity <Cordic> in library <work> (Architecture <synth>).
Entity <Cordic> analyzed. Unit <Cordic> generated.

Analyzing generic Entity <CordicStage.1> in library <work> (Architecture <concurrent>).
	i = 0
	wordsize = 22
WARNING:Xst:753 - "/home/chris/school/Winter_24_25/ee119b/hw3/synth_pipelined/CordicStage.vhd" line 261: Unconnected output port 'Cout' of component 'AddSub'.
WARNING:Xst:753 - "/home/chris/school/Winter_24_25/ee119b/hw3/synth_pipelined/CordicStage.vhd" line 274: Unconnected output port 'Cout' of component 'AddSub'.
WARNING:Xst:753 - "/home/chris/school/Winter_24_25/ee119b/hw3/synth_pipelined/CordicStage.vhd" line 285: Unconnected output port 'Cout' of component 'AddSub'.
Entity <CordicStage.1> analyzed. Unit <CordicStage.1> generated.

Analyzing generic Entity <AddSub> in library <work> (Architecture <concurrent>).
	wordsize = 22
Entity <AddSub> analyzed. Unit <AddSub> generated.

Analyzing Entity <AdderSubtracter> in library <work> (Architecture <concurrent>).
Entity <AdderSubtracter> analyzed. Unit <AdderSubtracter> generated.

Analyzing generic Entity <CordicStage.2> in library <work> (Architecture <concurrent>).
	i = 1
	wordsize = 22
WARNING:Xst:753 - "/home/chris/school/Winter_24_25/ee119b/hw3/synth_pipelined/CordicStage.vhd" line 261: Unconnected output port 'Cout' of component 'AddSub'.
WARNING:Xst:753 - "/home/chris/school/Winter_24_25/ee119b/hw3/synth_pipelined/CordicStage.vhd" line 274: Unconnected output port 'Cout' of component 'AddSub'.
WARNING:Xst:753 - "/home/chris/school/Winter_24_25/ee119b/hw3/synth_pipelined/CordicStage.vhd" line 285: Unconnected output port 'Cout' of component 'AddSub'.
Entity <CordicStage.2> analyzed. Unit <CordicStage.2> generated.

Analyzing generic Entity <CordicStage.3> in library <work> (Architecture <concurrent>).
	i = 2
	wordsize = 22
WARNING:Xst:753 - "/home/chris/school/Winter_24_25/ee119b/hw3/synth_pipelined/CordicStage.vhd" line 261: Unconnected output port 'Cout' of component 'AddSub'.
WARNING:Xst:753 - "/home/chris/school/Winter_24_25/ee119b/hw3/synth_pipelined/CordicStage.vhd" line 274: Unconnected output port 'Cout' of component 'AddSub'.
WARNING:Xst:753 - "/home/chris/school/Winter_24_25/ee119b/hw3/synth_pipelined/CordicStage.vhd" line 285: Unconnected output port 'Cout' of component 'AddSub'.
Entity <CordicStage.3> analyzed. Unit <CordicStage.3> generated.

Analyzing generic Entity <CordicStage.4> in library <work> (Architecture <concurrent>).
	i = 3
	wordsize = 22
WARNING:Xst:753 - "/home/chris/school/Winter_24_25/ee119b/hw3/synth_pipelined/CordicStage.vhd" line 261: Unconnected output port 'Cout' of component 'AddSub'.
WARNING:Xst:753 - "/home/chris/school/Winter_24_25/ee119b/hw3/synth_pipelined/CordicStage.vhd" line 274: Unconnected output port 'Cout' of component 'AddSub'.
WARNING:Xst:753 - "/home/chris/school/Winter_24_25/ee119b/hw3/synth_pipelined/CordicStage.vhd" line 285: Unconnected output port 'Cout' of component 'AddSub'.
Entity <CordicStage.4> analyzed. Unit <CordicStage.4> generated.

Analyzing generic Entity <CordicStage.5> in library <work> (Architecture <concurrent>).
	i = 4
	wordsize = 22
WARNING:Xst:753 - "/home/chris/school/Winter_24_25/ee119b/hw3/synth_pipelined/CordicStage.vhd" line 261: Unconnected output port 'Cout' of component 'AddSub'.
WARNING:Xst:753 - "/home/chris/school/Winter_24_25/ee119b/hw3/synth_pipelined/CordicStage.vhd" line 274: Unconnected output port 'Cout' of component 'AddSub'.
WARNING:Xst:753 - "/home/chris/school/Winter_24_25/ee119b/hw3/synth_pipelined/CordicStage.vhd" line 285: Unconnected output port 'Cout' of component 'AddSub'.
Entity <CordicStage.5> analyzed. Unit <CordicStage.5> generated.

Analyzing generic Entity <CordicStage.6> in library <work> (Architecture <concurrent>).
	i = 5
	wordsize = 22
WARNING:Xst:753 - "/home/chris/school/Winter_24_25/ee119b/hw3/synth_pipelined/CordicStage.vhd" line 261: Unconnected output port 'Cout' of component 'AddSub'.
WARNING:Xst:753 - "/home/chris/school/Winter_24_25/ee119b/hw3/synth_pipelined/CordicStage.vhd" line 274: Unconnected output port 'Cout' of component 'AddSub'.
WARNING:Xst:753 - "/home/chris/school/Winter_24_25/ee119b/hw3/synth_pipelined/CordicStage.vhd" line 285: Unconnected output port 'Cout' of component 'AddSub'.
Entity <CordicStage.6> analyzed. Unit <CordicStage.6> generated.

Analyzing generic Entity <CordicStage.7> in library <work> (Architecture <concurrent>).
	i = 6
	wordsize = 22
WARNING:Xst:753 - "/home/chris/school/Winter_24_25/ee119b/hw3/synth_pipelined/CordicStage.vhd" line 261: Unconnected output port 'Cout' of component 'AddSub'.
WARNING:Xst:753 - "/home/chris/school/Winter_24_25/ee119b/hw3/synth_pipelined/CordicStage.vhd" line 274: Unconnected output port 'Cout' of component 'AddSub'.
WARNING:Xst:753 - "/home/chris/school/Winter_24_25/ee119b/hw3/synth_pipelined/CordicStage.vhd" line 285: Unconnected output port 'Cout' of component 'AddSub'.
Entity <CordicStage.7> analyzed. Unit <CordicStage.7> generated.

Analyzing generic Entity <CordicStage.8> in library <work> (Architecture <concurrent>).
	i = 7
	wordsize = 22
WARNING:Xst:753 - "/home/chris/school/Winter_24_25/ee119b/hw3/synth_pipelined/CordicStage.vhd" line 261: Unconnected output port 'Cout' of component 'AddSub'.
WARNING:Xst:753 - "/home/chris/school/Winter_24_25/ee119b/hw3/synth_pipelined/CordicStage.vhd" line 274: Unconnected output port 'Cout' of component 'AddSub'.
WARNING:Xst:753 - "/home/chris/school/Winter_24_25/ee119b/hw3/synth_pipelined/CordicStage.vhd" line 285: Unconnected output port 'Cout' of component 'AddSub'.
Entity <CordicStage.8> analyzed. Unit <CordicStage.8> generated.

Analyzing generic Entity <CordicStage.9> in library <work> (Architecture <concurrent>).
	i = 8
	wordsize = 22
WARNING:Xst:753 - "/home/chris/school/Winter_24_25/ee119b/hw3/synth_pipelined/CordicStage.vhd" line 261: Unconnected output port 'Cout' of component 'AddSub'.
WARNING:Xst:753 - "/home/chris/school/Winter_24_25/ee119b/hw3/synth_pipelined/CordicStage.vhd" line 274: Unconnected output port 'Cout' of component 'AddSub'.
WARNING:Xst:753 - "/home/chris/school/Winter_24_25/ee119b/hw3/synth_pipelined/CordicStage.vhd" line 285: Unconnected output port 'Cout' of component 'AddSub'.
Entity <CordicStage.9> analyzed. Unit <CordicStage.9> generated.

Analyzing generic Entity <CordicStage.10> in library <work> (Architecture <concurrent>).
	i = 9
	wordsize = 22
WARNING:Xst:753 - "/home/chris/school/Winter_24_25/ee119b/hw3/synth_pipelined/CordicStage.vhd" line 261: Unconnected output port 'Cout' of component 'AddSub'.
WARNING:Xst:753 - "/home/chris/school/Winter_24_25/ee119b/hw3/synth_pipelined/CordicStage.vhd" line 274: Unconnected output port 'Cout' of component 'AddSub'.
WARNING:Xst:753 - "/home/chris/school/Winter_24_25/ee119b/hw3/synth_pipelined/CordicStage.vhd" line 285: Unconnected output port 'Cout' of component 'AddSub'.
Entity <CordicStage.10> analyzed. Unit <CordicStage.10> generated.

Analyzing generic Entity <CordicStage.11> in library <work> (Architecture <concurrent>).
	i = 10
	wordsize = 22
WARNING:Xst:753 - "/home/chris/school/Winter_24_25/ee119b/hw3/synth_pipelined/CordicStage.vhd" line 261: Unconnected output port 'Cout' of component 'AddSub'.
WARNING:Xst:753 - "/home/chris/school/Winter_24_25/ee119b/hw3/synth_pipelined/CordicStage.vhd" line 274: Unconnected output port 'Cout' of component 'AddSub'.
WARNING:Xst:753 - "/home/chris/school/Winter_24_25/ee119b/hw3/synth_pipelined/CordicStage.vhd" line 285: Unconnected output port 'Cout' of component 'AddSub'.
Entity <CordicStage.11> analyzed. Unit <CordicStage.11> generated.

Analyzing generic Entity <CordicStage.12> in library <work> (Architecture <concurrent>).
	i = 11
	wordsize = 22
WARNING:Xst:753 - "/home/chris/school/Winter_24_25/ee119b/hw3/synth_pipelined/CordicStage.vhd" line 261: Unconnected output port 'Cout' of component 'AddSub'.
WARNING:Xst:753 - "/home/chris/school/Winter_24_25/ee119b/hw3/synth_pipelined/CordicStage.vhd" line 274: Unconnected output port 'Cout' of component 'AddSub'.
WARNING:Xst:753 - "/home/chris/school/Winter_24_25/ee119b/hw3/synth_pipelined/CordicStage.vhd" line 285: Unconnected output port 'Cout' of component 'AddSub'.
Entity <CordicStage.12> analyzed. Unit <CordicStage.12> generated.

Analyzing generic Entity <CordicStage.13> in library <work> (Architecture <concurrent>).
	i = 12
	wordsize = 22
WARNING:Xst:753 - "/home/chris/school/Winter_24_25/ee119b/hw3/synth_pipelined/CordicStage.vhd" line 261: Unconnected output port 'Cout' of component 'AddSub'.
WARNING:Xst:753 - "/home/chris/school/Winter_24_25/ee119b/hw3/synth_pipelined/CordicStage.vhd" line 274: Unconnected output port 'Cout' of component 'AddSub'.
WARNING:Xst:753 - "/home/chris/school/Winter_24_25/ee119b/hw3/synth_pipelined/CordicStage.vhd" line 285: Unconnected output port 'Cout' of component 'AddSub'.
Entity <CordicStage.13> analyzed. Unit <CordicStage.13> generated.

Analyzing generic Entity <CordicStage.14> in library <work> (Architecture <concurrent>).
	i = 13
	wordsize = 22
WARNING:Xst:753 - "/home/chris/school/Winter_24_25/ee119b/hw3/synth_pipelined/CordicStage.vhd" line 261: Unconnected output port 'Cout' of component 'AddSub'.
WARNING:Xst:753 - "/home/chris/school/Winter_24_25/ee119b/hw3/synth_pipelined/CordicStage.vhd" line 274: Unconnected output port 'Cout' of component 'AddSub'.
WARNING:Xst:753 - "/home/chris/school/Winter_24_25/ee119b/hw3/synth_pipelined/CordicStage.vhd" line 285: Unconnected output port 'Cout' of component 'AddSub'.
Entity <CordicStage.14> analyzed. Unit <CordicStage.14> generated.

Analyzing generic Entity <CordicStage.15> in library <work> (Architecture <concurrent>).
	i = 14
	wordsize = 22
WARNING:Xst:753 - "/home/chris/school/Winter_24_25/ee119b/hw3/synth_pipelined/CordicStage.vhd" line 261: Unconnected output port 'Cout' of component 'AddSub'.
WARNING:Xst:753 - "/home/chris/school/Winter_24_25/ee119b/hw3/synth_pipelined/CordicStage.vhd" line 274: Unconnected output port 'Cout' of component 'AddSub'.
WARNING:Xst:753 - "/home/chris/school/Winter_24_25/ee119b/hw3/synth_pipelined/CordicStage.vhd" line 285: Unconnected output port 'Cout' of component 'AddSub'.
Entity <CordicStage.15> analyzed. Unit <CordicStage.15> generated.

Analyzing generic Entity <CordicStage.16> in library <work> (Architecture <concurrent>).
	i = 15
	wordsize = 22
WARNING:Xst:753 - "/home/chris/school/Winter_24_25/ee119b/hw3/synth_pipelined/CordicStage.vhd" line 261: Unconnected output port 'Cout' of component 'AddSub'.
WARNING:Xst:753 - "/home/chris/school/Winter_24_25/ee119b/hw3/synth_pipelined/CordicStage.vhd" line 274: Unconnected output port 'Cout' of component 'AddSub'.
WARNING:Xst:753 - "/home/chris/school/Winter_24_25/ee119b/hw3/synth_pipelined/CordicStage.vhd" line 285: Unconnected output port 'Cout' of component 'AddSub'.
Entity <CordicStage.16> analyzed. Unit <CordicStage.16> generated.


=========================================================================
*                           HDL Synthesis                               *
=========================================================================

Performing bidirectional port resolution...

Synthesizing Unit <AdderSubtracter>.
    Related source file is "/home/chris/school/Winter_24_25/ee119b/hw3/synth_pipelined/AdderSubtracter.vhd".
    Found 1-bit xor3 for signal <S>.
    Found 1-bit xor2 for signal <Cout$xor0000> created at line 28.
    Summary:
	inferred   1 Xor(s).
Unit <AdderSubtracter> synthesized.


Synthesizing Unit <AddSub>.
    Related source file is "/home/chris/school/Winter_24_25/ee119b/hw3/synth_pipelined/AddSub.vhd".
Unit <AddSub> synthesized.


Synthesizing Unit <CordicStage_1>.
    Related source file is "/home/chris/school/Winter_24_25/ee119b/hw3/synth_pipelined/CordicStage.vhd".
    Found 1-bit xor2 for signal <XAddBarSub$xor0000>.
Unit <CordicStage_1> synthesized.


Synthesizing Unit <CordicStage_2>.
    Related source file is "/home/chris/school/Winter_24_25/ee119b/hw3/synth_pipelined/CordicStage.vhd".
    Found 1-bit xor2 for signal <XAddBarSub$xor0000>.
Unit <CordicStage_2> synthesized.


Synthesizing Unit <CordicStage_3>.
    Related source file is "/home/chris/school/Winter_24_25/ee119b/hw3/synth_pipelined/CordicStage.vhd".
    Found 1-bit xor2 for signal <XAddBarSub$xor0000>.
Unit <CordicStage_3> synthesized.


Synthesizing Unit <CordicStage_4>.
    Related source file is "/home/chris/school/Winter_24_25/ee119b/hw3/synth_pipelined/CordicStage.vhd".
    Found 1-bit xor2 for signal <XAddBarSub$xor0000>.
Unit <CordicStage_4> synthesized.


Synthesizing Unit <CordicStage_5>.
    Related source file is "/home/chris/school/Winter_24_25/ee119b/hw3/synth_pipelined/CordicStage.vhd".
    Found 1-bit xor2 for signal <XAddBarSub$xor0000>.
Unit <CordicStage_5> synthesized.


Synthesizing Unit <CordicStage_6>.
    Related source file is "/home/chris/school/Winter_24_25/ee119b/hw3/synth_pipelined/CordicStage.vhd".
    Found 1-bit xor2 for signal <XAddBarSub$xor0000>.
Unit <CordicStage_6> synthesized.


Synthesizing Unit <CordicStage_7>.
    Related source file is "/home/chris/school/Winter_24_25/ee119b/hw3/synth_pipelined/CordicStage.vhd".
    Found 1-bit xor2 for signal <XAddBarSub$xor0000>.
Unit <CordicStage_7> synthesized.


Synthesizing Unit <CordicStage_8>.
    Related source file is "/home/chris/school/Winter_24_25/ee119b/hw3/synth_pipelined/CordicStage.vhd".
    Found 1-bit xor2 for signal <XAddBarSub$xor0000>.
Unit <CordicStage_8> synthesized.


Synthesizing Unit <CordicStage_9>.
    Related source file is "/home/chris/school/Winter_24_25/ee119b/hw3/synth_pipelined/CordicStage.vhd".
    Found 1-bit xor2 for signal <XAddBarSub$xor0000>.
Unit <CordicStage_9> synthesized.


Synthesizing Unit <CordicStage_10>.
    Related source file is "/home/chris/school/Winter_24_25/ee119b/hw3/synth_pipelined/CordicStage.vhd".
    Found 1-bit xor2 for signal <XAddBarSub$xor0000>.
Unit <CordicStage_10> synthesized.


Synthesizing Unit <CordicStage_11>.
    Related source file is "/home/chris/school/Winter_24_25/ee119b/hw3/synth_pipelined/CordicStage.vhd".
    Found 1-bit xor2 for signal <XAddBarSub$xor0000>.
Unit <CordicStage_11> synthesized.


Synthesizing Unit <CordicStage_12>.
    Related source file is "/home/chris/school/Winter_24_25/ee119b/hw3/synth_pipelined/CordicStage.vhd".
    Found 1-bit xor2 for signal <XAddBarSub$xor0000>.
Unit <CordicStage_12> synthesized.


Synthesizing Unit <CordicStage_13>.
    Related source file is "/home/chris/school/Winter_24_25/ee119b/hw3/synth_pipelined/CordicStage.vhd".
    Found 1-bit xor2 for signal <XAddBarSub$xor0000>.
Unit <CordicStage_13> synthesized.


Synthesizing Unit <CordicStage_14>.
    Related source file is "/home/chris/school/Winter_24_25/ee119b/hw3/synth_pipelined/CordicStage.vhd".
    Found 1-bit xor2 for signal <XAddBarSub$xor0000>.
Unit <CordicStage_14> synthesized.


Synthesizing Unit <CordicStage_15>.
    Related source file is "/home/chris/school/Winter_24_25/ee119b/hw3/synth_pipelined/CordicStage.vhd".
    Found 1-bit xor2 for signal <XAddBarSub$xor0000>.
Unit <CordicStage_15> synthesized.


Synthesizing Unit <CordicStage_16>.
    Related source file is "/home/chris/school/Winter_24_25/ee119b/hw3/synth_pipelined/CordicStage.vhd".
    Found 1-bit xor2 for signal <XAddBarSub$xor0000>.
Unit <CordicStage_16> synthesized.


Synthesizing Unit <Cordic>.
    Related source file is "/home/chris/school/Winter_24_25/ee119b/hw3/synth_pipelined/Cordic.vhd".
WARNING:Xst:646 - Signal <ZResultBus<15><20:19>> is assigned but never used. This unconnected signal will be trimmed during the optimization process.
WARNING:Xst:646 - Signal <ZResultBus<15><3:0>> is assigned but never used. This unconnected signal will be trimmed during the optimization process.
WARNING:Xst:646 - Signal <YResultBus<15><20:19>> is assigned but never used. This unconnected signal will be trimmed during the optimization process.
WARNING:Xst:646 - Signal <YResultBus<15><3:0>> is assigned but never used. This unconnected signal will be trimmed during the optimization process.
WARNING:Xst:646 - Signal <XResultBus<15><20:19>> is assigned but never used. This unconnected signal will be trimmed during the optimization process.
WARNING:Xst:646 - Signal <XResultBus<15><3:0>> is assigned but never used. This unconnected signal will be trimmed during the optimization process.
WARNING:Xst:646 - Signal <PrevFunc> is assigned but never used. This unconnected signal will be trimmed during the optimization process.
WARNING:Xst:737 - Found 22-bit latch for signal <XInputBus_0>. Latches may be generated from incomplete case or if statements. We do not recommend the use of latches in FPGA/CPLD designs, as they may lead to timing problems.
INFO:Xst:2371 - HDL ADVISOR - Logic functions respectively driving the data and gate enable inputs of this latch share common terms. This situation will potentially lead to setup/hold violations and, as a result, to simulation problems. This situation may come from an incomplete case statement (all selector values are not covered). You should carefully review if it was in your intentions to describe such a latch.
    Found 16-bit register for signal <R>.
    Found 2-bit register for signal <CordSystemPipeline1>.
    Found 22-bit comparator less for signal <DBus_0$cmp_lt0000> created at line 269.
    Found 22-bit comparator less for signal <DBus_0$cmp_lt0001> created at line 269.
    Found 22-bit comparator less for signal <DBus_1$cmp_lt0000> created at line 269.
    Found 22-bit comparator less for signal <DBus_1$cmp_lt0001> created at line 269.
    Found 22-bit comparator less for signal <DBus_10$cmp_lt0000> created at line 312.
    Found 22-bit comparator less for signal <DBus_10$cmp_lt0001> created at line 312.
    Found 22-bit comparator less for signal <DBus_11$cmp_lt0000> created at line 312.
    Found 22-bit comparator less for signal <DBus_11$cmp_lt0001> created at line 312.
    Found 22-bit comparator less for signal <DBus_12$cmp_lt0000> created at line 312.
    Found 22-bit comparator less for signal <DBus_12$cmp_lt0001> created at line 312.
    Found 22-bit comparator less for signal <DBus_13$cmp_lt0000> created at line 312.
    Found 22-bit comparator less for signal <DBus_13$cmp_lt0001> created at line 312.
    Found 22-bit comparator less for signal <DBus_14$cmp_lt0000> created at line 312.
    Found 22-bit comparator less for signal <DBus_14$cmp_lt0001> created at line 312.
    Found 22-bit comparator less for signal <DBus_15$cmp_lt0000> created at line 312.
    Found 22-bit comparator less for signal <DBus_15$cmp_lt0001> created at line 312.
    Found 22-bit comparator less for signal <DBus_2$cmp_lt0000> created at line 269.
    Found 22-bit comparator less for signal <DBus_2$cmp_lt0001> created at line 269.
    Found 22-bit comparator less for signal <DBus_3$cmp_lt0000> created at line 269.
    Found 22-bit comparator less for signal <DBus_3$cmp_lt0001> created at line 269.
    Found 22-bit comparator less for signal <DBus_4$cmp_lt0000> created at line 269.
    Found 22-bit comparator less for signal <DBus_4$cmp_lt0001> created at line 269.
    Found 22-bit comparator less for signal <DBus_5$cmp_lt0000> created at line 269.
    Found 22-bit comparator less for signal <DBus_5$cmp_lt0001> created at line 269.
    Found 22-bit comparator less for signal <DBus_6$cmp_lt0000> created at line 269.
    Found 22-bit comparator less for signal <DBus_6$cmp_lt0001> created at line 269.
    Found 22-bit comparator less for signal <DBus_7$cmp_lt0000> created at line 269.
    Found 22-bit comparator less for signal <DBus_7$cmp_lt0001> created at line 269.
    Found 22-bit comparator less for signal <DBus_8$cmp_lt0000> created at line 312.
    Found 22-bit comparator less for signal <DBus_8$cmp_lt0001> created at line 312.
    Found 22-bit comparator less for signal <DBus_9$cmp_lt0000> created at line 312.
    Found 22-bit comparator less for signal <DBus_9$cmp_lt0001> created at line 312.
    Found 5-bit register for signal <Func_temp>.
    Found 5-bit register for signal <FuncPipeline1>.
    Found 1-bit register for signal <ModePipeline1>.
    Found 22-bit register for signal <X_temp>.
    Found 22-bit register for signal <XPipeline1>.
    Found 22-bit register for signal <Y_temp>.
    Found 22-bit register for signal <YPipeline1>.
    Found 22-bit register for signal <ZPipeline1>.
    Summary:
	inferred 139 D-type flip-flop(s).
	inferred  32 Comparator(s).
Unit <Cordic> synthesized.


=========================================================================
HDL Synthesis Report

Macro Statistics
# Registers                                            : 10
 1-bit register                                        : 1
 16-bit register                                       : 1
 2-bit register                                        : 1
 22-bit register                                       : 5
 5-bit register                                        : 2
# Latches                                              : 1
 22-bit latch                                          : 1
# Comparators                                          : 32
 22-bit comparator less                                : 32
# Xors                                                 : 2128
 1-bit xor2                                            : 1072
 1-bit xor3                                            : 1056

=========================================================================

=========================================================================
*                       Advanced HDL Synthesis                          *
=========================================================================

WARNING:Xst:1710 - FF/Latch <0> (without init value) has a constant value of 0 in block <2>. This FF/Latch will be trimmed during the optimization process.
WARNING:Xst:1895 - Due to other FF/Latch trimming, FF/Latch <Y_temp_0> (without init value) has a constant value of 0 in block <Cordic>. This FF/Latch will be trimmed during the optimization process.
WARNING:Xst:1895 - Due to other FF/Latch trimming, FF/Latch <Y_temp_1> (without init value) has a constant value of 0 in block <Cordic>. This FF/Latch will be trimmed during the optimization process.
WARNING:Xst:1895 - Due to other FF/Latch trimming, FF/Latch <Y_temp_2> (without init value) has a constant value of 0 in block <Cordic>. This FF/Latch will be trimmed during the optimization process.
WARNING:Xst:1895 - Due to other FF/Latch trimming, FF/Latch <Y_temp_3> (without init value) has a constant value of 0 in block <Cordic>. This FF/Latch will be trimmed during the optimization process.
WARNING:Xst:1895 - Due to other FF/Latch trimming, FF/Latch <X_temp_0> (without init value) has a constant value of 0 in block <Cordic>. This FF/Latch will be trimmed during the optimization process.
WARNING:Xst:1895 - Due to other FF/Latch trimming, FF/Latch <X_temp_1> (without init value) has a constant value of 0 in block <Cordic>. This FF/Latch will be trimmed during the optimization process.
WARNING:Xst:1895 - Due to other FF/Latch trimming, FF/Latch <X_temp_2> (without init value) has a constant value of 0 in block <Cordic>. This FF/Latch will be trimmed during the optimization process.
WARNING:Xst:1895 - Due to other FF/Latch trimming, FF/Latch <X_temp_3> (without init value) has a constant value of 0 in block <Cordic>. This FF/Latch will be trimmed during the optimization process.

=========================================================================
Advanced HDL Synthesis Report

Macro Statistics
# Registers                                            : 139
 Flip-Flops                                            : 139
# Latches                                              : 1
 22-bit latch                                          : 1
# Comparators                                          : 32
 22-bit comparator less                                : 32
# Xors                                                 : 2128
 1-bit xor2                                            : 1072
 1-bit xor3                                            : 1056

=========================================================================

=========================================================================
*                         Low Level Synthesis                           *
=========================================================================
WARNING:Xst:1710 - FF/Latch <X_temp_0> (without init value) has a constant value of 0 in block <Cordic>. This FF/Latch will be trimmed during the optimization process.
WARNING:Xst:1895 - Due to other FF/Latch trimming, FF/Latch <X_temp_1> (without init value) has a constant value of 0 in block <Cordic>. This FF/Latch will be trimmed during the optimization process.
WARNING:Xst:1895 - Due to other FF/Latch trimming, FF/Latch <X_temp_2> (without init value) has a constant value of 0 in block <Cordic>. This FF/Latch will be trimmed during the optimization process.
WARNING:Xst:1895 - Due to other FF/Latch trimming, FF/Latch <X_temp_3> (without init value) has a constant value of 0 in block <Cordic>. This FF/Latch will be trimmed during the optimization process.
WARNING:Xst:1895 - Due to other FF/Latch trimming, FF/Latch <Y_temp_0> (without init value) has a constant value of 0 in block <Cordic>. This FF/Latch will be trimmed during the optimization process.
WARNING:Xst:1895 - Due to other FF/Latch trimming, FF/Latch <Y_temp_1> (without init value) has a constant value of 0 in block <Cordic>. This FF/Latch will be trimmed during the optimization process.
WARNING:Xst:1895 - Due to other FF/Latch trimming, FF/Latch <Y_temp_2> (without init value) has a constant value of 0 in block <Cordic>. This FF/Latch will be trimmed during the optimization process.
WARNING:Xst:1895 - Due to other FF/Latch trimming, FF/Latch <Y_temp_3> (without init value) has a constant value of 0 in block <Cordic>. This FF/Latch will be trimmed during the optimization process.
INFO:Xst:2261 - The FF/Latch <X_temp_19> in Unit <Cordic> is equivalent to the following 2 FFs/Latches, which will be removed : <X_temp_20> <X_temp_21> 
INFO:Xst:2261 - The FF/Latch <Y_temp_19> in Unit <Cordic> is equivalent to the following 2 FFs/Latches, which will be removed : <Y_temp_20> <Y_temp_21> 
WARNING:Xst:1710 - FF/Latch <2> (without init value) has a constant value of 0 in block <LPM_LATCH_1>. This FF/Latch will be trimmed during the optimization process.
INFO:Xst:2261 - The FF/Latch <XInputBus_0_19> in Unit <Cordic> is equivalent to the following 2 FFs/Latches, which will be removed : <XInputBus_0_20> <XInputBus_0_21> 

Optimizing unit <Cordic> ...

Optimizing unit <AddSub> ...

Optimizing unit <CordicStage_1> ...

Optimizing unit <CordicStage_2> ...

Optimizing unit <CordicStage_3> ...

Optimizing unit <CordicStage_4> ...

Optimizing unit <CordicStage_5> ...

Optimizing unit <CordicStage_6> ...

Optimizing unit <CordicStage_7> ...

Optimizing unit <CordicStage_8> ...

Optimizing unit <CordicStage_9> ...

Optimizing unit <CordicStage_10> ...

Optimizing unit <CordicStage_11> ...

Optimizing unit <CordicStage_12> ...

Optimizing unit <CordicStage_13> ...

Optimizing unit <CordicStage_14> ...

Optimizing unit <CordicStage_15> ...

Optimizing unit <CordicStage_16> ...

Mapping all equations...
Building and optimizing final netlist ...
Found area constraint ratio of 100 (+ 5) on block Cordic, actual ratio is 15.
FlipFlop CordSystemPipeline1_1 has been replicated 1 time(s)
FlipFlop Func_temp_0 has been replicated 2 time(s)
INFO:Xst:1843 - HDL ADVISOR - FlipFlop Func_temp_0 connected to a primary input has been replicated
FlipFlop Func_temp_1 has been replicated 2 time(s)
INFO:Xst:1843 - HDL ADVISOR - FlipFlop Func_temp_1 connected to a primary input has been replicated
FlipFlop Func_temp_3 has been replicated 3 time(s)
INFO:Xst:1843 - HDL ADVISOR - FlipFlop Func_temp_3 connected to a primary input has been replicated
FlipFlop Func_temp_4 has been replicated 2 time(s)
INFO:Xst:1843 - HDL ADVISOR - FlipFlop Func_temp_4 connected to a primary input has been replicated
FlipFlop ModePipeline1 has been replicated 1 time(s)
FlipFlop XPipeline1_21 has been replicated 1 time(s)

Final Macro Processing ...

=========================================================================
Final Register Report

Macro Statistics
# Registers                                            : 139
 Flip-Flops                                            : 139

=========================================================================

=========================================================================
*                           Partition Report                            *
=========================================================================

Partition Implementation Status
-------------------------------

  No Partitions were found in this design.

-------------------------------

=========================================================================
*                            Final Report                               *
=========================================================================
Final Results
RTL Top Level Output File Name     : Cordic.ngr
Top Level Output File Name         : Cordic
Output Format                      : NGC
Optimization Goal                  : Speed
Keep Hierarchy                     : No

Design Statistics
# IOs                              : 54

Cell Usage :
# BELS                             : 5531
#      GND                         : 1
#      LUT2                        : 94
#      LUT2_D                      : 32
#      LUT2_L                      : 42
#      LUT3                        : 611
#      LUT3_D                      : 270
#      LUT3_L                      : 94
#      LUT4                        : 2802
#      LUT4_D                      : 573
#      LUT4_L                      : 369
#      MUXF5                       : 642
#      VCC                         : 1
# FlipFlops/Latches                : 158
#      FD                          : 121
#      FDR                         : 2
#      FDS                         : 16
#      LD                          : 19
# Clock Buffers                    : 1
#      BUFGP                       : 1
# IO Buffers                       : 53
#      IBUF                        : 37
#      OBUF                        : 16
=========================================================================

Device utilization summary:
---------------------------

Selected Device : 3s1200efg320-4 

 Number of Slices:                     2491  out of   8672    28%  
 Number of Slice Flip Flops:            158  out of  17344     0%  
 Number of 4 input LUTs:               4887  out of  17344    28%  
 Number of IOs:                          54
 Number of bonded IOBs:                  54  out of    250    21%  
 Number of GCLKs:                         1  out of     24     4%  

---------------------------
Partition Resource Summary:
---------------------------

  No Partitions were found in this design.

---------------------------


=========================================================================
TIMING REPORT

NOTE: THESE TIMING NUMBERS ARE ONLY A SYNTHESIS ESTIMATE.
      FOR ACCURATE TIMING INFORMATION PLEASE REFER TO THE TRACE REPORT
      GENERATED AFTER PLACE-and-ROUTE.

Clock Information:
------------------
----------------------------------------+------------------------+-------+
Clock Signal                            | Clock buffer(FF name)  | Load  |
----------------------------------------+------------------------+-------+
CLK                                     | BUFGP                  | 139   |
ZResultBus<0><0>(XInputBus_0_not00011:O)| NONE(*)(XInputBus_0_0) | 19    |
----------------------------------------+------------------------+-------+
(*) This 1 clock signal(s) are generated by combinatorial logic,
and XST is not able to identify which are the primary clock signals.
Please use the CLOCK_SIGNAL constraint to specify the clock signal(s) generated by combinatorial logic.
INFO:Xst:2169 - HDL ADVISOR - Some clock signals were not automatically buffered by XST with BUFG/BUFR resources. Please use the buffer_type constraint in order to insert these buffers to the clock signals to help prevent skew problems.

Asynchronous Control Signals Information:
----------------------------------------
No asynchronous control signals found in this design

Timing Summary:
---------------
Speed Grade: -4

   Minimum period: 92.410ns (Maximum Frequency: 10.821MHz)
   Minimum input arrival time before clock: 2.113ns
   Maximum output required time after clock: 4.283ns
   Maximum combinational path delay: No path found

Timing Detail:
--------------
All values displayed in nanoseconds (ns)

=========================================================================
Timing constraint: Default period analysis for Clock 'CLK'
  Clock period: 92.410ns (frequency: 10.821MHz)
  Total number of paths / destination ports: 868673287441618829312 / 111
-------------------------------------------------------------------------
Delay:               92.410ns (Levels of Logic = 77)
  Source:            YPipeline1_21 (FF)
  Destination:       R_15 (FF)
  Source Clock:      CLK rising
  Destination Clock: CLK rising

  Data Path: YPipeline1_21 to R_15
                                Gate     Net
    Cell:in->out      fanout   Delay   Delay  Logical Name (Net Name)
    ----------------------------------------  ------------
     FD:C->Q              19   0.591   1.089  YPipeline1_21 (YPipeline1_21)
     LUT4:I3->O            3   0.704   0.566  DBus_8_mux0000_SW0 (N633)
     LUT4:I2->O           13   0.704   0.983  DBus_8_mux0000_1 (DBus_8_mux0000)
     MUXF5:S->O            2   0.739   0.622  CordicStageGen_SecondHalf[8].CordicStage_i/YAdder/AddSub_gen[12].AddSub_x/Cout1_SW1 (N2237)
     LUT3_D:I0->O          1   0.704   0.595  CordicStageGen_SecondHalf[8].CordicStage_i/YAdder/AddSub_gen[11].AddSub_x/Cout1_SW1 (N2929)
     LUT3:I0->O            3   0.704   0.535  CordicStageGen_SecondHalf[8].CordicStage_i/YAdder/AddSub_gen[9].AddSub_x/Cout1_SW1 (N3632)
     LUT4:I3->O            1   0.704   0.000  CordicStageGen_SecondHalf[8].CordicStage_i/YAdder/AddSub_gen[15].AddSub_x/Cout1_G (N6523)
     MUXF5:I1->O           3   0.321   0.535  CordicStageGen_SecondHalf[8].CordicStage_i/YAdder/AddSub_gen[15].AddSub_x/Cout1 (CordicStageGen_SecondHalf[8].CordicStage_i/YAdder/CarryBus<15>)
     LUT4_D:I3->LO         1   0.704   0.104  CordicStageGen_SecondHalf[8].CordicStage_i/YAdder/AddSub_gen[17].AddSub_x/Cout1 (N7409)
     LUT4:I3->O            2   0.704   0.451  CordicStageGen_SecondHalf[8].CordicStage_i/YAdder/AddSub_gen[19].AddSub_x/Cout1 (CordicStageGen_SecondHalf[8].CordicStage_i/YAdder/CarryBus<19>)
     LUT4:I3->O            1   0.704   0.000  DBus_9_mux0000_SW1_G (N6003)
     MUXF5:I1->O          19   0.321   1.089  DBus_9_mux0000_SW1 (N631)
     LUT4:I3->O            6   0.704   0.673  CordicStageGen_SecondHalf[8].CordicStage_i/XOut<21>_SW9 (N2959)
     LUT4:I3->O            1   0.704   0.000  CordicStageGen_SecondHalf[9].CordicStage_i/XAdder/AddSub_0/Cout1_G (N6473)
     MUXF5:I1->O           2   0.321   0.451  CordicStageGen_SecondHalf[9].CordicStage_i/XAdder/AddSub_0/Cout1 (CordicStageGen_SecondHalf[9].CordicStage_i/XAdder/CarryBus<0>)
     LUT4:I3->O            5   0.704   0.668  CordicStageGen_SecondHalf[9].CordicStage_i/XAdder/AddSub_gen[1].AddSub_x/Cout1 (CordicStageGen_SecondHalf[9].CordicStage_i/XAdder/CarryBus<1>)
     LUT3:I2->O           14   0.704   1.035  CordicStageGen_SecondHalf[9].CordicStage_i/XAdder/AddSub_gen[3].AddSub_x/Cout1 (CordicStageGen_SecondHalf[9].CordicStage_i/XAdder/CarryBus<3>)
     LUT3:I2->O            2   0.704   0.447  CordicStageGen_SecondHalf[9].CordicStage_i/XAdder/AddSub_gen[9].AddSub_x/Cout1 (CordicStageGen_SecondHalf[9].CordicStage_i/XAdder/CarryBus<9>)
     MUXF5:S->O            7   0.739   0.712  CordicStageGen_SecondHalf[9].CordicStage_i/XAdder/AddSub_gen[17].AddSub_x/Cout1 (CordicStageGen_SecondHalf[9].CordicStage_i/XAdder/CarryBus<17>)
     LUT4:I3->O           13   0.704   0.983  CordicStageGen_SecondHalf[9].CordicStage_i/XOut<21>_1 (CordicStageGen_SecondHalf[9].CordicStage_i/XOut<21>)
     MUXF5:S->O           58   0.739   1.270  DBus_10_mux0000 (DBus<10>)
     MUXF5:S->O            1   0.739   0.499  CordicStageGen_SecondHalf[10].CordicStage_i/YAdder/AddSub_gen[4].AddSub_x/Cout1_SW0 (N2320)
     LUT3_D:I1->LO         1   0.704   0.135  CordicStageGen_SecondHalf[10].CordicStage_i/YAdder/AddSub_gen[5].AddSub_x/Cout1 (N7600)
     LUT3:I2->O            7   0.704   0.708  CordicStageGen_SecondHalf[10].CordicStage_i/YAdder/AddSub_gen[7].AddSub_x/Cout1 (CordicStageGen_SecondHalf[10].CordicStage_i/YAdder/CarryBus<7>)
     MUXF5:S->O            3   0.739   0.535  CordicStageGen_SecondHalf[10].CordicStage_i/YAdder/AddSub_gen[13].AddSub_x/Cout1 (CordicStageGen_SecondHalf[10].CordicStage_i/YAdder/CarryBus<13>)
     LUT4_D:I3->O          2   0.704   0.451  CordicStageGen_SecondHalf[10].CordicStage_i/YAdder/AddSub_gen[15].AddSub_x/Cout1 (CordicStageGen_SecondHalf[10].CordicStage_i/YAdder/CarryBus<15>)
     LUT4_D:I3->LO         1   0.704   0.104  CordicStageGen_SecondHalf[10].CordicStage_i/YAdder/AddSub_gen[17].AddSub_x/Cout1 (N7415)
     LUT4:I3->O            2   0.704   0.451  CordicStageGen_SecondHalf[10].CordicStage_i/YAdder/AddSub_gen[19].AddSub_x/Cout1 (CordicStageGen_SecondHalf[10].CordicStage_i/YAdder/CarryBus<19>)
     LUT4:I3->O            1   0.704   0.000  DBus_11_mux0000_SW1_G (N6005)
     MUXF5:I1->O          16   0.321   1.038  DBus_11_mux0000_SW1 (N649)
     LUT4:I3->O           12   0.704   0.961  CordicStageGen_SecondHalf[11].CordicStage_i/XAddBarSub1_1 (CordicStageGen_SecondHalf[11].CordicStage_i/XAddBarSub1)
     MUXF5:S->O            1   0.739   0.499  CordicStageGen_SecondHalf[11].CordicStage_i/XAdder/AddSub_gen[1].AddSub_x/Cout1_SW0 (N2359)
     LUT3:I1->O            5   0.704   0.668  CordicStageGen_SecondHalf[11].CordicStage_i/XAdder/AddSub_gen[2].AddSub_x/Cout1 (CordicStageGen_SecondHalf[11].CordicStage_i/XAdder/CarryBus<2>)
     LUT3:I2->O            7   0.704   0.708  CordicStageGen_SecondHalf[11].CordicStage_i/XAdder/AddSub_gen[6].AddSub_x/Cout1 (CordicStageGen_SecondHalf[11].CordicStage_i/XAdder/CarryBus<6>)
     MUXF5:S->O            5   0.739   0.637  CordicStageGen_SecondHalf[11].CordicStage_i/XAdder/AddSub_gen[12].AddSub_x/Cout1 (CordicStageGen_SecondHalf[11].CordicStage_i/XAdder/CarryBus<12>)
     LUT4:I3->O            1   0.704   0.424  CordicStageGen_SecondHalf[11].CordicStage_i/XAdder/AddSub_gen[13].AddSub_x/Cout1 (CordicStageGen_SecondHalf[11].CordicStage_i/XAdder/CarryBus<13>)
     LUT4_D:I3->LO         1   0.704   0.104  CordicStageGen_SecondHalf[11].CordicStage_i/XAdder/AddSub_gen[15].AddSub_x/Cout1 (N7425)
     LUT4:I3->O            8   0.704   0.761  CordicStageGen_SecondHalf[11].CordicStage_i/XAdder/AddSub_gen[17].AddSub_x/Cout1 (CordicStageGen_SecondHalf[11].CordicStage_i/XAdder/CarryBus<17>)
     LUT4:I3->O           12   0.704   1.040  CordicStageGen_SecondHalf[11].CordicStage_i/XOut<21>_1 (CordicStageGen_SecondHalf[11].CordicStage_i/XOut<21>)
     LUT3:I1->O            4   0.704   0.587  DBus_12_mux0000_1 (DBus_12_mux0000)
     MUXF5:S->O            2   0.739   0.482  CordicStageGen_SecondHalf[12].CordicStage_i/YAdder/AddSub_gen[6].AddSub_x/Cout1_SW1 (N2300)
     LUT3:I2->O            2   0.704   0.451  CordicStageGen_SecondHalf[12].CordicStage_i/YAdder/AddSub_gen[7].AddSub_x/Cout1_SW1 (N2989)
     LUT4:I3->O            1   0.704   0.000  CordicStageGen_SecondHalf[12].CordicStage_i/YAdder/AddSub_gen[11].AddSub_x/Cout1_G (N6525)
     MUXF5:I1->O           3   0.321   0.535  CordicStageGen_SecondHalf[12].CordicStage_i/YAdder/AddSub_gen[11].AddSub_x/Cout1 (CordicStageGen_SecondHalf[12].CordicStage_i/YAdder/CarryBus<11>)
     LUT4_D:I3->LO         1   0.704   0.104  CordicStageGen_SecondHalf[12].CordicStage_i/YAdder/AddSub_gen[13].AddSub_x/Cout1 (N7431)
     LUT4:I3->O            3   0.704   0.535  CordicStageGen_SecondHalf[12].CordicStage_i/YAdder/AddSub_gen[15].AddSub_x/Cout1 (CordicStageGen_SecondHalf[12].CordicStage_i/YAdder/CarryBus<15>)
     LUT4_D:I3->LO         1   0.704   0.104  CordicStageGen_SecondHalf[12].CordicStage_i/YAdder/AddSub_gen[17].AddSub_x/Cout1 (N7413)
     LUT4:I3->O            2   0.704   0.451  CordicStageGen_SecondHalf[12].CordicStage_i/YAdder/AddSub_gen[19].AddSub_x/Cout1 (CordicStageGen_SecondHalf[12].CordicStage_i/YAdder/CarryBus<19>)
     LUT4:I3->O            1   0.704   0.000  DBus_13_mux0000_SW1_G (N6007)
     MUXF5:I1->O          31   0.321   1.297  DBus_13_mux0000_SW1 (N643)
     LUT3:I2->O            5   0.704   0.633  DBus_13_mux0000_1 (DBus_13_mux0000)
     MUXF5:S->O            2   0.739   0.451  CordicStageGen_SecondHalf[13].CordicStage_i/YAdder/AddSub_gen[6].AddSub_x/Cout1_SW1 (N2318)
     LUT4:I3->O            2   0.704   0.451  CordicStageGen_SecondHalf[13].CordicStage_i/YAdder/AddSub_gen[7].AddSub_x/Cout1_SW1 (N3010)
     LUT4:I3->O            1   0.704   0.000  CordicStageGen_SecondHalf[13].CordicStage_i/YAdder/AddSub_gen[11].AddSub_x/Cout1_G (N6607)
     MUXF5:I1->O           3   0.321   0.535  CordicStageGen_SecondHalf[13].CordicStage_i/YAdder/AddSub_gen[11].AddSub_x/Cout1 (CordicStageGen_SecondHalf[13].CordicStage_i/YAdder/CarryBus<11>)
     LUT4_D:I3->O          2   0.704   0.451  CordicStageGen_SecondHalf[13].CordicStage_i/YAdder/AddSub_gen[13].AddSub_x/Cout1 (CordicStageGen_SecondHalf[13].CordicStage_i/YAdder/CarryBus<13>)
     LUT4:I3->O            7   0.704   0.712  CordicStageGen_SecondHalf[13].CordicStage_i/YAdder/AddSub_gen[15].AddSub_x/Cout1 (CordicStageGen_SecondHalf[13].CordicStage_i/YAdder/CarryBus<15>)
     LUT4:I3->O            6   0.704   0.704  CordicStageGen_SecondHalf[13].CordicStage_i/YAdder/AddSub_gen[17].AddSub_x/Cout1 (CordicStageGen_SecondHalf[13].CordicStage_i/YAdder/CarryBus<17>)
     LUT3_D:I2->O          9   0.704   0.824  DBus_14_mux0000_SW1_1 (DBus_14_mux0000_SW1)
     LUT4:I3->O            1   0.704   0.000  CordicStageGen_SecondHalf[14].CordicStage_i/ZAdder/AddSub_gen[1].AddSub_x/Cout1_G (N6483)
     MUXF5:I1->O           3   0.321   0.535  CordicStageGen_SecondHalf[14].CordicStage_i/ZAdder/AddSub_gen[1].AddSub_x/Cout1 (CordicStageGen_SecondHalf[14].CordicStage_i/ZAdder/CarryBus<1>)
     LUT4:I3->O            2   0.704   0.451  CordicStageGen_SecondHalf[14].CordicStage_i/ZAdder/AddSub_gen[3].AddSub_x/Cout1 (CordicStageGen_SecondHalf[14].CordicStage_i/ZAdder/CarryBus<3>)
     LUT4_D:I3->LO         1   0.704   0.104  CordicStageGen_SecondHalf[14].CordicStage_i/ZAdder/AddSub_gen[4].AddSub_x/Cout1 (N7325)
     LUT4:I3->O           11   0.704   0.937  CordicStageGen_SecondHalf[14].CordicStage_i/ZAdder/AddSub_gen[5].AddSub_x/Cout1 (CordicStageGen_SecondHalf[14].CordicStage_i/ZAdder/CarryBus<5>)
     LUT4:I3->O            6   0.704   0.669  CordicStageGen_SecondHalf[14].CordicStage_i/ZAdder/AddSub_gen[21].AddSub_x/Mxor_S_xo<0>1 (ZResultBus<14><21>)
     MUXF5:S->O            4   0.739   0.591  CordicStageGen_SecondHalf[14].CordicStage_i/YAdder/AddSub_gen[21].AddSub_x/Mxor_S_xo<0>1_SW2 (N3968)
     LUT4:I3->O            1   0.704   0.000  CordicStageGen_SecondHalf[14].CordicStage_i/YAdder/AddSub_gen[17].AddSub_x/Cout1_SW1_F (N6730)
     MUXF5:I0->O           1   0.321   0.499  CordicStageGen_SecondHalf[14].CordicStage_i/YAdder/AddSub_gen[17].AddSub_x/Cout1_SW1 (N5233)
     LUT3_D:I1->O         30   0.704   1.437  DBus_15_mux0000_SW0 (N636)
     LUT3:I0->O           14   0.704   1.004  DBus_15_mux0000_1 (DBus_15_mux0000)
     LUT4:I3->O            1   0.704   0.000  CordicStageGen_SecondHalf[15].CordicStage_i/YAdder/AddSub_gen[5].AddSub_x/Cout1_SW0_F (N6162)
     MUXF5:I0->O           4   0.321   0.591  CordicStageGen_SecondHalf[15].CordicStage_i/YAdder/AddSub_gen[5].AddSub_x/Cout1_SW0 (N2323)
     LUT4:I3->O            1   0.704   0.424  CordicStageGen_SecondHalf[15].CordicStage_i/YAdder/AddSub_gen[6].AddSub_x/Cout1_SW0 (N3003)
     LUT4:I3->O            1   0.704   0.000  CordicStageGen_SecondHalf[15].CordicStage_i/YAdder/AddSub_gen[10].AddSub_x/Cout1_F (N6520)
     MUXF5:I0->O           3   0.321   0.535  CordicStageGen_SecondHalf[15].CordicStage_i/YAdder/AddSub_gen[10].AddSub_x/Cout1 (CordicStageGen_SecondHalf[15].CordicStage_i/YAdder/CarryBus<10>)
     LUT4_D:I3->LO         1   0.704   0.104  CordicStageGen_SecondHalf[15].CordicStage_i/YAdder/AddSub_gen[11].AddSub_x/Cout1 (N7346)
     LUT4:I3->O            1   0.704   0.424  CordicStageGen_SecondHalf[15].CordicStage_i/YAdder/AddSub_gen[13].AddSub_x/Cout1 (CordicStageGen_SecondHalf[15].CordicStage_i/YAdder/CarryBus<13>)
     LUT4:I3->O            1   0.704   0.420  ResultComb<15>217 (ResultComb<15>217)
     FDS:S                     0.911          R_15
    ----------------------------------------
    Total                     92.410ns (51.847ns logic, 40.563ns route)
                                       (56.1% logic, 43.9% route)

=========================================================================
Timing constraint: Default OFFSET IN BEFORE for Clock 'CLK'
  Total number of paths / destination ports: 46 / 46
-------------------------------------------------------------------------
Offset:              2.113ns (Levels of Logic = 1)
  Source:            Func<3> (PAD)
  Destination:       Func_temp_3 (FF)
  Destination Clock: CLK rising

  Data Path: Func<3> to Func_temp_3
                                Gate     Net
    Cell:in->out      fanout   Delay   Delay  Logical Name (Net Name)
    ----------------------------------------  ------------
     IBUF:I->O             4   1.218   0.587  Func_3_IBUF (Func_3_IBUF)
     FD:D                      0.308          Func_temp_3
    ----------------------------------------
    Total                      2.113ns (1.526ns logic, 0.587ns route)
                                       (72.2% logic, 27.8% route)

=========================================================================
Timing constraint: Default OFFSET OUT AFTER for Clock 'CLK'
  Total number of paths / destination ports: 16 / 16
-------------------------------------------------------------------------
Offset:              4.283ns (Levels of Logic = 1)
  Source:            R_15 (FF)
  Destination:       R<15> (PAD)
  Source Clock:      CLK rising

  Data Path: R_15 to R<15>
                                Gate     Net
    Cell:in->out      fanout   Delay   Delay  Logical Name (Net Name)
    ----------------------------------------  ------------
     FDS:C->Q              1   0.591   0.420  R_15 (R_15)
     OBUF:I->O                 3.272          R_15_OBUF (R<15>)
    ----------------------------------------
    Total                      4.283ns (3.863ns logic, 0.420ns route)
                                       (90.2% logic, 9.8% route)

=========================================================================


Total REAL time to Xst completion: 111.00 secs
Total CPU time to Xst completion: 109.38 secs
 
--> 


Total memory usage is 843764 kilobytes

Number of errors   :    0 (   0 filtered)
Number of warnings :   74 (   0 filtered)
Number of infos    :    9 (   0 filtered)

